<html>
<body>
<pre>
<h1>µVision Build Log</h1>
<h2>Tool Versions:</h2>
IDE-Version: ¦ÌVision V5.14.0.0
Copyright (C) 2015 ARM Ltd and ARM Germany GmbH. All rights reserved.
License Information: a a, a, LIC=X1E4T-RD7U3-MSIYP-MK0G2-H1EVI-FZP5H
 
Tool Versions:
Toolchain:       MDK-ARM Professional  Version: 5.14.0.0
Toolchain Path:  D:\ProgramFiles\Keil_v5\ARM\ARMCC\Bin
C Compiler:      Armcc.exe V5.05 update 1 (build 106)
Assembler:       Armasm.exe V5.05 update 1 (build 106)
Linker/Locator:  ArmLink.exe V5.05 update 1 (build 106)
Library Manager: ArmAr.exe V5.05 update 1 (build 106)
Hex Converter:   FromElf.exe V5.05 update 1 (build 106)
CPU DLL:         SARMCM3.DLL V5.14.0.0
Dialog DLL:      DCM.DLL V1.13.1.0
Target DLL:      Segger\JL2CM3.dll V2.99.13.0
Dialog DLL:      TCM.DLL V1.14.4.0
 
<h2>Project:</h2>
e:\yueqian_projects\STM32-projects\interrupt_no_bootloader\interrupt.uvprojx
Project File Date:  05/14/2026

<h2>Output:</h2>
Build target 'interrupt'
compiling ADC.c...
system\ADC.c(89): warning:  #870-D: invalid multibyte character sequence
      printf("adc_value = %d, adc_voltage_impedance = %0.2f ï¼ˆmVï¼?\r\n", adc_value,
system\ADC.c(94): warning:  #870-D: invalid multibyte character sequence
      printf("adc_value = %d, adc_voltage_light = %0.2f ï¼ˆmVï¼?\r\n", light_adc_value,
system\ADC.c(102): warning:  #870-D: invalid multibyte character sequence
          printf("light_adc_value = %d, adc_voltage_light = %0.2f ï¼ˆmVï¼?\r\n", light_adc_value,
system\ADC.c: 3 warnings, 0 errors
linking...
Program Size: Code=19434 RO-data=870 RW-data=224 ZI-data=83664  
FromELF: creating hex file...
After Build - User command #1: fromelf --bin --output .\Objects\interrupt.bin .\Objects\interrupt.axf
".\Objects\interrupt.axf" - 0 Error(s), 3 Warning(s).

<h2>Software Packages used:</h2>

Package Vendor: ARM
                http://www.keil.com/pack/ARM.CMSIS.4.2.0.pack
                ARM::CMSIS:CORE:3.40.0
                CMSIS (Cortex Microcontroller Software Interface Standard)
   * Component: CORE Version: 3.40.0

Package Vendor: Keil
                http://www.keil.com/pack/Keil.STM32F4xx_DFP.1.0.8.pack
                Keil::Device:StdPeriph Drivers:EXTI:1.3.0
                STMicroelectronics STM32F4 Series Device Support, Drivers and Examples
   * Component: EXTI Version: 1.3.0
   * Component: Framework Version: 1.3.1
   * Component: Startup Version: 1.3.1
   * Component: ADC Version: 1.3.0
   * Component: USART Version: 1.3.0
   * Component: GPIO Version: 1.3.0
   * Component: I2C Version: 1.3.0
   * Component: SYSCFG Version: 1.3.0
   * Component: RTC Version: 1.3.0
   * Component: PWR Version: 1.3.0
   * Component: SPI Version: 1.3.0
   * Component: RCC Version: 1.3.0
   * Component: IWDG Version: 1.3.0
   * Component: TIM Version: 1.3.0
   * Component: Flash Version: 1.3.0

<h2>Collection of Component include folders:</h2>
  e:\yueqian_projects\STM32-projects\interrupt_no_bootloader\RTE
  e:\yueqian_projects\STM32-projects\interrupt_no_bootloader\RTE\Device\STM32F407ZE
  D:\ProgramFiles\Keil_v5\ARM\PACK\ARM\CMSIS\4.2.0\CMSIS\Include
  D:\ProgramFiles\Keil_v5\ARM\PACK\Keil\STM32F4xx_DFP\1.0.8\Device\Include
  D:\ProgramFiles\Keil_v5\ARM\PACK\Keil\STM32F4xx_DFP\1.0.8\Device\StdPeriph_Driver\inc

<h2>Collection of Component Files used:</h2>

   * Component: ARM::CMSIS:CORE:3.40.0
      Source file:   CMSIS\UserCodeTemplates\ARM\ITM_Retarget.c

   * Component: Keil::Device:StdPeriph Drivers:EXTI:1.3.0
      Include file:  Device\StdPeriph_Driver\inc\stm32f4xx_exti.h
      Source file:   Device\StdPeriph_Driver\src\stm32f4xx_exti.c

   * Component: Keil::Device:StdPeriph Drivers:Framework:1.3.1
      Source file:   Device\StdPeriph_Driver\templates\stm32f4xx_it.c
      Source file:   Device\StdPeriph_Driver\templates\stm32f4xx_conf.h
      Source file:   Device\StdPeriph_Driver\src\misc.c
      Include file:  Device\StdPeriph_Driver\templates\stm32f4xx_it.h

   * Component: Keil::Device:Startup:1.3.1
      Include file:  RTE_Driver\Config\RTE_Device.h
      Source file:   Device\Source\ARM\STM32F4xx_OTP.s
      Source file:   Device\Source\system_stm32f4xx.c
      Include file:  Device\Include\stm32f4xx.h
      Source file:   Device\Source\ARM\STM32F40xxx_41xxx_OPT.s
      Source file:   Device\Source\ARM\startup_stm32f40_41xxx.s

   * Component: Keil::Device:StdPeriph Drivers:ADC:1.3.0
      Include file:  Device\StdPeriph_Driver\inc\stm32f4xx_adc.h
      Source file:   Device\StdPeriph_Driver\src\stm32f4xx_adc.c

   * Component: Keil::Device:StdPeriph Drivers:USART:1.3.0
      Source file:   Device\StdPeriph_Driver\src\stm32f4xx_usart.c
      Include file:  Device\StdPeriph_Driver\inc\stm32f4xx_usart.h

   * Component: Keil::Device:StdPeriph Drivers:GPIO:1.3.0
      Include file:  Device\StdPeriph_Driver\inc\stm32f4xx_gpio.h
      Source file:   Device\StdPeriph_Driver\src\stm32f4xx_gpio.c

   * Component: Keil::Device:StdPeriph Drivers:I2C:1.3.0
      Source file:   Device\StdPeriph_Driver\src\stm32f4xx_i2c.c
      Include file:  Device\StdPeriph_Driver\inc\stm32f4xx_i2c.h

   * Component: Keil::Device:StdPeriph Drivers:SYSCFG:1.3.0
      Source file:   Device\StdPeriph_Driver\src\stm32f4xx_syscfg.c
      Include file:  Device\StdPeriph_Driver\inc\stm32f4xx_syscfg.h

   * Component: Keil::Device:StdPeriph Drivers:RTC:1.3.0
      Include file:  Device\StdPeriph_Driver\inc\stm32f4xx_rtc.h
      Source file:   Device\StdPeriph_Driver\src\stm32f4xx_rtc.c

   * Component: Keil::Device:StdPeriph Drivers:PWR:1.3.0
      Source file:   Device\StdPeriph_Driver\src\stm32f4xx_pwr.c
      Include file:  Device\StdPeriph_Driver\inc\stm32f4xx_pwr.h

   * Component: Keil::Device:StdPeriph Drivers:SPI:1.3.0
      Include file:  Device\StdPeriph_Driver\inc\stm32f4xx_spi.h
      Source file:   Device\StdPeriph_Driver\src\stm32f4xx_spi.c

   * Component: Keil::Device:StdPeriph Drivers:RCC:1.3.0
      Include file:  Device\StdPeriph_Driver\inc\stm32f4xx_rcc.h
      Source file:   Device\StdPeriph_Driver\src\stm32f4xx_rcc.c

   * Component: Keil::Device:StdPeriph Drivers:IWDG:1.3.0
      Include file:  Device\StdPeriph_Driver\inc\stm32f4xx_iwdg.h
      Source file:   Device\StdPeriph_Driver\src\stm32f4xx_iwdg.c

   * Component: Keil::Device:StdPeriph Drivers:TIM:1.3.0
      Source file:   Device\StdPeriph_Driver\src\stm32f4xx_tim.c
      Include file:  Device\StdPeriph_Driver\inc\stm32f4xx_tim.h

   * Component: Keil::Device:StdPeriph Drivers:Flash:1.3.0
      Include file:  Device\StdPeriph_Driver\inc\stm32f4xx_flash.h
      Source file:   Device\StdPeriph_Driver\src\stm32f4xx_flash.c
</pre>
</body>
</html>
