<<<<<<< HEAD
Build target 'interrupt'
compiling main.c...
user\main.c(91): warning:  #1293-D: assignment in condition
              if(LED2_state = ~LED2_state){
user\main.c: 1 warning, 0 errors
compiling key_interrupt.c...
compiling led.c...
compiling mq_2.c...
compiling timer.c...
hardware\timer.c(103): warning:  #1293-D: assignment in condition
          if(LED2_state = ~LED2_state){
hardware\timer.c(119): warning:  #1293-D: assignment in condition
          if(LED3_state = ~LED3_state){
hardware\timer.c: 2 warnings, 0 errors
compiling beep.c...
compiling motor.c...
compiling uart.c...
compiling CO2_sensor.c...
hardware\CO2_sensor.c(61): warning:  #1-D: last line of file ends without a newline
  }
hardware\CO2_sensor.c(7): warning:  #177-D: variable "CO2_sensor_cache" was declared but never referenced
  static char CO2_sensor_cache[6];
hardware\CO2_sensor.c(8): warning:  #177-D: variable "CO2_sensor_index" was declared but never referenced
  static int CO2_sensor_index = 0;
hardware\CO2_sensor.c: 3 warnings, 0 errors
compiling DX_BT24.c...
compiling esp8266.c...
hardware\esp8266.c(205): warning:  #223-D: function "sprintf" declared implicitly
        sprintf(buf,"%d",port);
hardware\esp8266.c(236): warning:  #223-D: function "sprintf" declared implicitly
        sprintf(buf,"AT+CIPMUX=%d\r\n", b);
hardware\esp8266.c(250): warning:  #223-D: function "sprintf" declared implicitly
        sprintf(buf,"AT+CIPSERVER=1,%d\r\n", port);
hardware\esp8266.c(264): warning:  #223-D: function "sprintf" declared implicitly
        sprintf(buf,"AT+CIPSERVER=0,%d\r\n", port);
hardware\esp8266.c(17): warning:  #177-D: variable "uart3_cmd_cache" was declared but never referenced
  static char uart3_cmd_cache[MAX_CMD_LEN];
hardware\esp8266.c(18): warning:  #177-D: variable "uart3_cmd_cache_idx" was declared but never referenced
  static uint8_t uart3_cmd_cache_idx = 0;
hardware\esp8266.c: 6 warnings, 0 errors
compiling RS485.c...
compiling ultra_sound.c...
compiling temperature_humidity_sensor.c...
compiling Flash.c...
compiling tools.c...
compiling esp8266_mqtt.c...
tools\esp8266_mqtt.c(403): warning:  #1293-D: assignment in condition
      if(LED4_state = ~LED4_state){
tools\esp8266_mqtt.c: 1 warning, 0 errors
compiling radar.c...
tools\radar.c(61): warning:  #177-D: variable "radar_frequency" was declared but never referenced
      static uint8_t radar_frequency = 2;
tools\radar.c: 1 warning, 0 errors
compiling systick.c...
compiling pwm.c...
compiling retarget.c...
compiling DFA_event_queue.c...
compiling event_handlers.c...
compiling IWDG.c...
compiling RTC.c...
compiling misc.c...
compiling stm32f4xx_exti.c...
compiling stm32f4xx_flash.c...
compiling stm32f4xx_gpio.c...
compiling stm32f4xx_iwdg.c...
compiling stm32f4xx_pwr.c...
compiling stm32f4xx_rcc.c...
compiling stm32f4xx_rtc.c...
compiling stm32f4xx_syscfg.c...
compiling stm32f4xx_tim.c...
compiling stm32f4xx_usart.c...
assembling startup_stm32f40_41xxx.s...
compiling system_stm32f4xx.c...
linking...
Program Size: Code=14290 RO-data=678 RW-data=224 ZI-data=67784  
FromELF: creating hex file...
".\Objects\interrupt.axf" - 0 Error(s), 14 Warning(s).
=======
Load "e:\\yueqian_projects\\STM32-projects\\interrupt_no_bootloader\\Objects\\interrupt.axf" 
Set JLink Project File to "e:\yueqian_projects\STM32-projects\interrupt_no_bootloader\JLinkSettings.ini"* JLink Info: Device "STM32F407ZE" selected.
 
JLink info:
------------
DLL: V4.96d, compiled Jan 29 2015 11:45:37
Firmware: J-Link ARM-OB STM32 compiled Aug 22 2012 19:52:04
Hardware: V7.00
S/N : 20090929 
Feature(s) : RDI,FlashDL,FlashBP,JFlash,GDBFull 
 
* JLink Info: Found SWD-DP with ID 0x2BA01477
* JLink Info: Found SWD-DP with ID 0x2BA01477
* JLink Info: Found Cortex-M4 r0p1, Little endian.
* JLink Info: FPUnit: 6 code (BP) slots and 2 literal slots
* JLink Info: TPIU fitted.
* JLink Info: ETM fitted.
ROMTableAddr = 0xE00FF003
 
Target info:
------------
Device: STM32F407ZE
VTarget = 3.300V
State of Pins: TCK: 0, TDI: 0, TDO: 1, TMS: 0, TRES: 1, TRST: 0
Hardware-Breakpoints: 6
Software-Breakpoints: 8192
Watchpoints:          4
JTAG speed: 4000 kHz
 
Erase Done.Programming Done.Verify OK.Application running ...
Flash Load finished at 18:53:27
>>>>>>> 18fb89186dfa4723872031c82faa145d586b3950
