Component: ARM Compiler 5.05 update 1 (build 106) Tool: armlink [4d0efa]

==============================================================================

Section Cross References

    main.o(i.init) refers to misc.o(i.NVIC_PriorityGroupConfig) for NVIC_PriorityGroupConfig
    main.o(i.init) refers to led.o(i.led_gpio_init) for led_gpio_init
    main.o(i.init) refers to key_interrupt.o(i.key_gpio_init) for key_gpio_init
    main.o(i.init) refers to key_interrupt.o(i.key_interrupt_init) for key_interrupt_init
    main.o(i.init) refers to systick.o(i.systick_init) for systick_init
    main.o(i.init) refers to beep.o(i.beep_gpio_init) for beep_gpio_init
    main.o(i.init) refers to uart.o(i.usart1_init) for usart1_init
    main.o(i.init) refers to temperature_humidity_sensor.o(i.temperature_humidity_sensor_init) for temperature_humidity_sensor_init
    main.o(i.init) refers to rtc.o(i.rtc_init) for rtc_init
    main.o(i.init) refers to rtc.o(i.rtc_alarm_init) for rtc_alarm_init
    main.o(i.init) refers to flash.o(i.Flash_Init) for Flash_Init
    main.o(i.init) refers to dfa_event_queue.o(i.trie_init) for trie_init
    main.o(i.main) refers to _printf_percent.o(.ARM.Collect$$_printf_percent$$00000000) for _printf_percent
    main.o(i.main) refers to _printf_d.o(.ARM.Collect$$_printf_percent$$00000009) for _printf_d
    main.o(i.main) refers to _printf_dec.o(.text) for _printf_int_dec
    main.o(i.main) refers to main.o(i.init) for init
    main.o(i.main) refers to uart.o(i.usart1_send_byte) for usart1_send_byte
    main.o(i.main) refers to uart.o(i.usart1_send_string) for usart1_send_string
    main.o(i.main) refers to noretval__2printf.o(.text) for __2printf
    main.o(i.main) refers to flash.o(i.flash_test) for flash_test
    main.o(i.main) refers to key_interrupt.o(i.clear_key_state) for clear_key_state
    main.o(i.main) refers to stm32f4xx_gpio.o(i.GPIO_SetBits) for GPIO_SetBits
    main.o(i.main) refers to stm32f4xx_gpio.o(i.GPIO_ResetBits) for GPIO_ResetBits
    main.o(i.main) refers to rtc.o(i.rtc_print_current_date_time) for rtc_print_current_date_time
    main.o(i.main) refers to temperature_humidity_sensor.o(i.temperature_humidity_sensor_measure) for temperature_humidity_sensor_measure
    main.o(i.main) refers to temperature_humidity_sensor.o(i.temperature_humidity_sensor_check) for temperature_humidity_sensor_check
    main.o(i.main) refers to dfa_event_queue.o(i.run_event_task) for run_event_task
    main.o(i.main) refers to key_interrupt.o(.data) for KEY1_State
    main.o(i.main) refers to led.o(.data) for LED2_state
    main.o(i.main) refers to temperature_humidity_sensor.o(.data) for current_TH_data
    main.o(i.main) refers to main.o(.conststring) for .conststring
    key_interrupt.o(i.EXTI0_IRQHandler) refers to stm32f4xx_exti.o(i.EXTI_GetITStatus) for EXTI_GetITStatus
    key_interrupt.o(i.EXTI0_IRQHandler) refers to stm32f4xx_exti.o(i.EXTI_ClearITPendingBit) for EXTI_ClearITPendingBit
    key_interrupt.o(i.EXTI0_IRQHandler) refers to key_interrupt.o(.data) for KEY1_State
    key_interrupt.o(i.EXTI2_IRQHandler) refers to stm32f4xx_exti.o(i.EXTI_GetITStatus) for EXTI_GetITStatus
    key_interrupt.o(i.EXTI2_IRQHandler) refers to stm32f4xx_exti.o(i.EXTI_ClearITPendingBit) for EXTI_ClearITPendingBit
    key_interrupt.o(i.EXTI2_IRQHandler) refers to key_interrupt.o(.data) for KEY1_State
    key_interrupt.o(i.EXTI3_IRQHandler) refers to stm32f4xx_exti.o(i.EXTI_GetITStatus) for EXTI_GetITStatus
    key_interrupt.o(i.EXTI3_IRQHandler) refers to stm32f4xx_exti.o(i.EXTI_ClearITPendingBit) for EXTI_ClearITPendingBit
    key_interrupt.o(i.EXTI3_IRQHandler) refers to key_interrupt.o(.data) for KEY1_State
    key_interrupt.o(i.EXTI4_IRQHandler) refers to stm32f4xx_exti.o(i.EXTI_GetITStatus) for EXTI_GetITStatus
    key_interrupt.o(i.EXTI4_IRQHandler) refers to stm32f4xx_exti.o(i.EXTI_ClearITPendingBit) for EXTI_ClearITPendingBit
    key_interrupt.o(i.EXTI4_IRQHandler) refers to key_interrupt.o(.data) for KEY1_State
    key_interrupt.o(i.clear_key_state) refers to key_interrupt.o(.data) for KEY1_State
    key_interrupt.o(i.key_gpio_init) refers to stm32f4xx_rcc.o(i.RCC_AHB1PeriphClockCmd) for RCC_AHB1PeriphClockCmd
    key_interrupt.o(i.key_gpio_init) refers to stm32f4xx_gpio.o(i.GPIO_Init) for GPIO_Init
    key_interrupt.o(i.key_interrupt_init) refers to stm32f4xx_rcc.o(i.RCC_AHB1PeriphClockCmd) for RCC_AHB1PeriphClockCmd
    key_interrupt.o(i.key_interrupt_init) refers to stm32f4xx_rcc.o(i.RCC_APB2PeriphClockCmd) for RCC_APB2PeriphClockCmd
    key_interrupt.o(i.key_interrupt_init) refers to stm32f4xx_gpio.o(i.GPIO_Init) for GPIO_Init
    key_interrupt.o(i.key_interrupt_init) refers to stm32f4xx_syscfg.o(i.SYSCFG_EXTILineConfig) for SYSCFG_EXTILineConfig
    key_interrupt.o(i.key_interrupt_init) refers to stm32f4xx_exti.o(i.EXTI_Init) for EXTI_Init
    key_interrupt.o(i.key_interrupt_init) refers to misc.o(i.NVIC_Init) for NVIC_Init
[...]
    i.PWR_BackupAccessCmd                    0x0802116c   Section        0  stm32f4xx_pwr.o(i.PWR_BackupAccessCmd)
    i.RCC_AHB1PeriphClockCmd                 0x08021178   Section        0  stm32f4xx_rcc.o(i.RCC_AHB1PeriphClockCmd)
    i.RCC_APB1PeriphClockCmd                 0x08021198   Section        0  stm32f4xx_rcc.o(i.RCC_APB1PeriphClockCmd)
    i.RCC_APB2PeriphClockCmd                 0x080211b8   Section        0  stm32f4xx_rcc.o(i.RCC_APB2PeriphClockCmd)
    i.RCC_GetClocksFreq                      0x080211d8   Section        0  stm32f4xx_rcc.o(i.RCC_GetClocksFreq)
    i.RCC_GetFlagStatus                      0x080212c0   Section        0  stm32f4xx_rcc.o(i.RCC_GetFlagStatus)
    i.RCC_LSEConfig                          0x08021300   Section        0  stm32f4xx_rcc.o(i.RCC_LSEConfig)
    i.RCC_RTCCLKCmd                          0x0802132c   Section        0  stm32f4xx_rcc.o(i.RCC_RTCCLKCmd)
    i.RCC_RTCCLKConfig                       0x08021338   Section        0  stm32f4xx_rcc.o(i.RCC_RTCCLKConfig)
    i.RTC_AlarmCmd                           0x08021374   Section        0  stm32f4xx_rtc.o(i.RTC_AlarmCmd)
    i.RTC_Alarm_IRQHandler                   0x080213e8   Section        0  rtc.o(i.RTC_Alarm_IRQHandler)
    i.RTC_Bcd2ToByte                         0x08021414   Section        0  stm32f4xx_rtc.o(i.RTC_Bcd2ToByte)
    RTC_Bcd2ToByte                           0x08021415   Thumb Code    22  stm32f4xx_rtc.o(i.RTC_Bcd2ToByte)
    i.RTC_ByteToBcd2                         0x0802142a   Section        0  stm32f4xx_rtc.o(i.RTC_ByteToBcd2)
    RTC_ByteToBcd2                           0x0802142b   Thumb Code    28  stm32f4xx_rtc.o(i.RTC_ByteToBcd2)
    i.RTC_ClearFlag                          0x08021448   Section        0  stm32f4xx_rtc.o(i.RTC_ClearFlag)
    i.RTC_EnterInitMode                      0x08021464   Section        0  stm32f4xx_rtc.o(i.RTC_EnterInitMode)
    i.RTC_ExitInitMode                       0x080214b4   Section        0  stm32f4xx_rtc.o(i.RTC_ExitInitMode)
    i.RTC_GetDate                            0x080214c8   Section        0  stm32f4xx_rtc.o(i.RTC_GetDate)
    i.RTC_GetFlagStatus                      0x08021514   Section        0  stm32f4xx_rtc.o(i.RTC_GetFlagStatus)
    i.RTC_GetTime                            0x0802153c   Section        0  stm32f4xx_rtc.o(i.RTC_GetTime)
    i.RTC_ITConfig                           0x0802158c   Section        0  stm32f4xx_rtc.o(i.RTC_ITConfig)
    i.RTC_Init                               0x080215f0   Section        0  stm32f4xx_rtc.o(i.RTC_Init)
    i.RTC_ReadBackupRegister                 0x08021654   Section        0  stm32f4xx_rtc.o(i.RTC_ReadBackupRegister)
    i.RTC_SetAlarm                           0x08021674   Section        0  stm32f4xx_rtc.o(i.RTC_SetAlarm)
    i.RTC_SetDate                            0x08021760   Section        0  stm32f4xx_rtc.o(i.RTC_SetDate)
    i.RTC_SetTime                            0x08021828   Section        0  stm32f4xx_rtc.o(i.RTC_SetTime)
    i.RTC_WaitForSynchro                     0x080218f8   Section        0  stm32f4xx_rtc.o(i.RTC_WaitForSynchro)
    i.RTC_WriteBackupRegister                0x08021958   Section        0  stm32f4xx_rtc.o(i.RTC_WriteBackupRegister)
    i.SYSCFG_EXTILineConfig                  0x08021974   Section        0  stm32f4xx_syscfg.o(i.SYSCFG_EXTILineConfig)
    i.SetSysClock                            0x080219b4   Section        0  system_stm32f4xx.o(i.SetSysClock)
    SetSysClock                              0x080219b5   Thumb Code   220  system_stm32f4xx.o(i.SetSysClock)
    i.SysTick_CLKSourceConfig                0x08021aa0   Section        0  misc.o(i.SysTick_CLKSourceConfig)
    i.SystemInit                             0x08021ac8   Section        0  system_stm32f4xx.o(i.SystemInit)
    i.TIM1_UP_TIM10_IRQHandler               0x08021b30   Section        0  timer.o(i.TIM1_UP_TIM10_IRQHandler)
    i.TIM2_IRQHandler                        0x08021b48   Section        0  timer.o(i.TIM2_IRQHandler)
    i.TIM3_IRQHandler                        0x08021b8c   Section        0  timer.o(i.TIM3_IRQHandler)
    i.TIM8_UP_TIM13_IRQHandler               0x08021bd4   Section        0  timer.o(i.TIM8_UP_TIM13_IRQHandler)
    i.TIM_ClearITPendingBit                  0x08021c10   Section        0  stm32f4xx_tim.o(i.TIM_ClearITPendingBit)
    i.TIM_GetITStatus                        0x08021c16   Section        0  stm32f4xx_tim.o(i.TIM_GetITStatus)
    i.TIM_SetCompare1                        0x08021c38   Section        0  stm32f4xx_tim.o(i.TIM_SetCompare1)
    i.Trie_Match_Byte                        0x08021c3c   Section        0  dfa_event_queue.o(i.Trie_Match_Byte)
    i.USART1_IRQHandler                      0x08021d30   Section        0  uart.o(i.USART1_IRQHandler)
    i.USART2_IRQHandler                      0x08021d60   Section        0  rs485.o(i.USART2_IRQHandler)
    i.USART3_IRQHandler                      0x08021d90   Section        0  esp8266.o(i.USART3_IRQHandler)
    i.USART_ClearITPendingBit                0x08021df8   Section        0  stm32f4xx_usart.o(i.USART_ClearITPendingBit)
    i.USART_Cmd                              0x08021e16   Section        0  stm32f4xx_usart.o(i.USART_Cmd)
    i.USART_GetFlagStatus                    0x08021e2e   Section        0  stm32f4xx_usart.o(i.USART_GetFlagStatus)
    i.USART_GetITStatus                      0x08021e48   Section        0  stm32f4xx_usart.o(i.USART_GetITStatus)
    i.USART_ITConfig                         0x08021e9c   Section        0  stm32f4xx_usart.o(i.USART_ITConfig)
    i.USART_Init                             0x08021ee8   Section        0  stm32f4xx_usart.o(i.USART_Init)
    i.USART_ReceiveData                      0x08021fbc   Section        0  stm32f4xx_usart.o(i.USART_ReceiveData)
    i.USART_SendData                         0x08021fc6   Section        0  stm32f4xx_usart.o(i.USART_SendData)
    i._is_digit                              0x08021fce   Section        0  __printf_wp.o(i._is_digit)
    i._sys_exit                              0x08021fdc   Section        0  retarget.o(i._sys_exit)
    i._ttywrch                               0x08021fe0   Section        0  retarget.o(i._ttywrch)
    i.alarm_handler                          0x08022000   Section        0  event_handlers.o(i.alarm_handler)
    i.beep_gpio_init                         0x0802208c   Section        0  beep.o(i.beep_gpio_init)
    i.beep_off                               0x080220c0   Section        0  event_handlers.o(i.beep_off)
    i.beep_on                                0x080220dc   Section        0  event_handlers.o(i.beep_on)
    i.char_to_index                          0x080220f8   Section        0  dfa_event_queue.o(i.char_to_index)
    char_to_index                            0x080220f9   Thumb Code    22  dfa_event_queue.o(i.char_to_index)
    i.clear_key_state                        0x08022110   Section        0  key_interrupt.o(i.clear_key_state)
    i.co2_auto                               0x08022134   Section        0  event_handlers.o(i.co2_auto)
    i.co2_get_value                          0x08022168   Section        0  event_handlers.o(i.co2_get_value)
    i.co2_off                                0x080221c8   Section        0  event_handlers.o(i.co2_off)
    i.dec_to_bcd                             0x080221fc   Section        0  rtc.o(i.dec_to_bcd)
    i.default_handler                        0x08022218   Section        0  event_handlers.o(i.default_handler)
    i.delay_ms                               0x08022238   Section        0  event_handlers.o(i.delay_ms)
    delay_ms                                 0x08022239   Thumb Code    74  event_handlers.o(i.delay_ms)
    i.delay_us                               0x08022282   Section        0  temperature_humidity_sensor.o(i.delay_us)
    delay_us                                 0x08022283   Thumb Code    76  temperature_humidity_sensor.o(i.delay_us)
    i.esp8266_net_init_task                  0x080222ce   Section        0  event_handlers.o(i.esp8266_net_init_task)
    i.event_push_interface                   0x080222d0   Section        0  dfa_event_queue.o(i.event_push_interface)
    i.fan_off                                0x080222ec   Section        0  event_handlers.o(i.fan_off)
    i.fan_on                                 0x08022308   Section        0  event_handlers.o(i.fan_on)
    i.fan_speed                              0x08022320   Section        0  event_handlers.o(i.fan_speed)
    i.flash_test                             0x08022360   Section        0  flash.o(i.flash_test)
    i.fputc                                  0x0802244c   Section        0  retarget.o(i.fputc)
    i.init                                   0x08022470   Section        0  main.o(i.init)
    i.key_gpio_init                          0x080224ac   Section        0  key_interrupt.o(i.key_gpio_init)
    i.key_interrupt_init                     0x080224f0   Section        0  key_interrupt.o(i.key_interrupt_init)
    i.led_gpio_init                          0x080225ec   Section        0  led.o(i.led_gpio_init)
    i.led_off                                0x08022664   Section        0  event_handlers.o(i.led_off)
    i.led_on                                 0x080226b8   Section        0  event_handlers.o(i.led_on)
    i.main                                   0x0802270c   Section        0  main.o(i.main)
    i.motor1_set_duty                        0x080228b0   Section        0  motor.o(i.motor1_set_duty)
    i.read_mq_2                              0x080228e0   Section        0  mq_2.o(i.read_mq_2)
    i.rtc_alarm_init                         0x080228f4   Section        0  rtc.o(i.rtc_alarm_init)
    i.rtc_alarm_set                          0x0802294a   Section        0  rtc.o(i.rtc_alarm_set)
    i.rtc_init                               0x08022988   Section        0  rtc.o(i.rtc_init)
    i.rtc_print_current_date_time            0x08022a08   Section        0  rtc.o(i.rtc_print_current_date_time)
    i.rtc_set_date                           0x08022a74   Section        0  rtc.o(i.rtc_set_date)
    i.rtc_set_time                           0x08022a9a   Section        0  rtc.o(i.rtc_set_time)
    i.run_event_task                         0x08022ac0   Section        0  dfa_event_queue.o(i.run_event_task)
    i.sector_program_by_bytes                0x08022ad4   Section        0  flash.o(i.sector_program_by_bytes)
    i.sector_read_byte                       0x08022b3c   Section        0  flash.o(i.sector_read_byte)
    i.set_alarm                              0x08022b44   Section        0  event_handlers.o(i.set_alarm)
    i.set_date                               0x08022bc8   Section        0  event_handlers.o(i.set_date)
    i.set_time                               0x08022c38   Section        0  event_handlers.o(i.set_time)
    i.submit_alarm_hour                      0x08022ca8   Section        0  event_handlers.o(i.submit_alarm_hour)
    i.submit_alarm_min                       0x08022d08   Section        0  event_handlers.o(i.submit_alarm_min)
    i.submit_alarm_sec                       0x08022d58   Section        0  event_handlers.o(i.submit_alarm_sec)
    i.submit_date_day                        0x08022da8   Section        0  event_handlers.o(i.submit_date_day)
    i.submit_date_month                      0x08022de8   Section        0  event_handlers.o(i.submit_date_month)
    i.submit_date_week                       0x08022e28   Section        0  event_handlers.o(i.submit_date_week)
    i.submit_date_year                       0x08022e68   Section        0  event_handlers.o(i.submit_date_year)
    i.submit_time_hour                       0x08022ea8   Section        0  event_handlers.o(i.submit_time_hour)
    i.submit_time_min                        0x08022ef8   Section        0  event_handlers.o(i.submit_time_min)
    i.submit_time_sec                        0x08022f38   Section        0  event_handlers.o(i.submit_time_sec)
    i.systick_init                           0x08022f78   Section        0  systick.o(i.systick_init)
    i.temperature_humidity_sensor_check      0x08022f84   Section        0  temperature_humidity_sensor.o(i.temperature_humidity_sensor_check)
    i.temperature_humidity_sensor_init       0x08023090   Section        0  temperature_humidity_sensor.o(i.temperature_humidity_sensor_init)
    i.temperature_humidity_sensor_measure    0x0802309c   Section        0  temperature_humidity_sensor.o(i.temperature_humidity_sensor_measure)
    i.temperature_humidity_set_IO_mode       0x08023164   Section        0  temperature_humidity_sensor.o(i.temperature_humidity_set_IO_mode)
    i.trie_create_node                       0x08023190   Section        0  dfa_event_queue.o(i.trie_create_node)
    trie_create_node                         0x08023191   Thumb Code    42  dfa_event_queue.o(i.trie_create_node)
    i.trie_init                              0x080231bc   Section        0  dfa_event_queue.o(i.trie_init)
    i.trie_insert                            0x0802341c   Section        0  dfa_event_queue.o(i.trie_insert)
    trie_insert                              0x0802341d   Thumb Code    78  dfa_event_queue.o(i.trie_insert)
    i.usart1_init                            0x08023470   Section        0  uart.o(i.usart1_init)
    i.usart1_send_byte                       0x08023520   Section        0  uart.o(i.usart1_send_byte)
    i.usart1_send_string                     0x08023544   Section        0  uart.o(i.usart1_send_string)
    x$fpl$d2f                                0x0802355c   Section       98  d2f.o(x$fpl$d2f)
    $v0                                      0x0802355c   Number         0  d2f.o(x$fpl$d2f)
    x$fpl$ddiv                               0x080235c0   Section      688  ddiv.o(x$fpl$ddiv)
    $v0                                      0x080235c0   Number         0  ddiv.o(x$fpl$ddiv)
    ddiv_entry                               0x080235c7   Thumb Code     0  ddiv.o(x$fpl$ddiv)
    x$fpl$dflt                               0x08023870   Section       46  dflt_clz.o(x$fpl$dflt)
    $v0                                      0x08023870   Number         0  dflt_clz.o(x$fpl$dflt)
    x$fpl$dnaninf                            0x0802389e   Section      156  dnaninf.o(x$fpl$dnaninf)
    $v0                                      0x0802389e   Number         0  dnaninf.o(x$fpl$dnaninf)
    x$fpl$dretinf                            0x0802393a   Section       12  dretinf.o(x$fpl$dretinf)
    $v0                                      0x0802393a   Number         0  dretinf.o(x$fpl$dretinf)
    x$fpl$fpinit                             0x08023946   Section       10  fpinit.o(x$fpl$fpinit)
    $v0                                      0x08023946   Number         0  fpinit.o(x$fpl$fpinit)
    x$fpl$fretinf                            0x08023950   Section       10  fretinf.o(x$fpl$fretinf)
    $v0                                      0x08023950   Number         0  fretinf.o(x$fpl$fretinf)
    .constdata                               0x0802395a   Section       40  _printf_hex_int.o(.constdata)
    x$fpl$usenofp                            0x0802395a   Section        0  usenofp.o(x$fpl$usenofp)
    uc_hextab                                0x0802395a   Data          20  _printf_hex_int.o(.constdata)
    lc_hextab                                0x0802396e   Data          20  _printf_hex_int.o(.constdata)
    .conststring                             0x08023984   Section       87  main.o(.conststring)
    .conststring                             0x080239dc   Section      124  dfa_event_queue.o(.conststring)
    .data                                    0x20000000   Section        4  key_interrupt.o(.data)
    .data                                    0x20000004   Section        4  led.o(.data)
    .data                                    0x20000008   Section       17  co2_sensor.o(.data)
    CO2_sensor_cache                         0x20000008   Data           6  co2_sensor.o(.data)
    CO2_sensor_index                         0x20000010   Data           4  co2_sensor.o(.data)
    .data                                    0x2000001c   Section       13  esp8266.o(.data)
    uart3_cmd_cache_idx                      0x20000028   Data           1  esp8266.o(.data)
    .data                                    0x20000029   Section        3  temperature_humidity_sensor.o(.data)
    .data                                    0x2000002c   Section       12  flash.o(.data)
    .data                                    0x20000038   Section        8  retarget.o(.data)
    .data                                    0x20000040   Section      117  dfa_event_queue.o(.data)
    trie_root                                0x20000040   Data           4  dfa_event_queue.o(.data)
    event_queue                              0x20000044   Data           4  dfa_event_queue.o(.data)
    event_queue_tail                         0x20000048   Data           4  dfa_event_queue.o(.data)
    cmd_list                                 0x2000004c   Data          88  dfa_event_queue.o(.data)
    first_byte_received_flag                 0x200000a4   Data           1  dfa_event_queue.o(.data)
    matched_cmd_idx                          0x200000a5   Data           1  dfa_event_queue.o(.data)
    matched_cmd_param_val                    0x200000a8   Data           4  dfa_event_queue.o(.data)
    current_node                             0x200000ac   Data           4  dfa_event_queue.o(.data)
    matched_cmd_param_val                    0x200000b0   Data           4  dfa_event_queue.o(.data)
    pending_event                            0x200000b4   Data           1  dfa_event_queue.o(.data)
    .data                                    0x200000b8   Section       24  rtc.o(.data)
    .data                                    0x200000d0   Section       16  stm32f4xx_rcc.o(.data)
    APBAHBPrescTable                         0x200000d0   Data          16  stm32f4xx_rcc.o(.data)
    .bss                                     0x200000e0   Section     1124  esp8266.o(.bss)
    uart3_cmd_cache                          0x200004e0   Data         100  esp8266.o(.bss)
    .bss                                     0x20000544   Section       96  libspace.o(.bss)
    HEAP                                     0x200005a8   Section    65536  startup_stm32f40_41xxx.o(HEAP)
    Heap_Mem                                 0x200005a8   Data       65536  startup_stm32f40_41xxx.o(HEAP)
    STACK                                    0x200105a8   Section     1024  startup_stm32f40_41xxx.o(STACK)
    Stack_Mem                                0x200105a8   Data        1024  startup_stm32f40_41xxx.o(STACK)
    __initial_sp                             0x200109a8   Data           0  startup_stm32f40_41xxx.o(STACK)

    Global Symbols

    Symbol Name                              Value     Ov Type        Size  Object(Section)

    BuildAttributes$$THM_ISAv4$E$P$D$K$B$S$7EM$VFPi3$EXTD16$VFPS$VFMA$PE$A:L22UL41UL21$X:L11$S22US41US21$IEEE1$IW$USESV6$~STKCKD$USESV7$~SHL$OTIME$ROPI$IEEEJ$EBA8$UX$STANDARDLIB$REQ8$PRES8$EABIv2 0x00000000   Number         0  anon$$obj.o ABSOLUTE
    __ARM_use_no_argv                        0x00000000   Number         0  main.o ABSOLUTE
    _printf_flags                            0x00000000   Number         0  printf_stubs.o ABSOLUTE
    _printf_return_value                     0x00000000   Number         0  printf_stubs.o ABSOLUTE
    _printf_sizespec                         0x00000000   Number         0  printf_stubs.o ABSOLUTE
    _printf_widthprec                        0x00000000   Number         0  printf_stubs.o ABSOLUTE
    __ARM_exceptions_init                     - Undefined Weak Reference
    __alloca_initialize                       - Undefined Weak Reference
    __arm_preinit_                            - Undefined Weak Reference
    __cpp_initialize__aeabi_                  - Undefined Weak Reference
    __cxa_finalize                            - Undefined Weak Reference
    __sigvec_lookup                           - Undefined Weak Reference
    __user_heap_extent                        - Undefined Weak Reference
    _atexit_init                              - Undefined Weak Reference
    _call_atexit_fns                          - Undefined Weak Reference
    _clock_init                               - Undefined Weak Reference
    _fp_trap_init                             - Undefined Weak Reference
    _fp_trap_shutdown                         - Undefined Weak Reference
    _get_lc_collate                           - Undefined Weak Reference
    _get_lc_ctype                             - Undefined Weak Reference
    _get_lc_monetary                          - Undefined Weak Reference
    _get_lc_time                              - Undefined Weak Reference
    _getenv_init                              - Undefined Weak Reference
    _handle_redirection                       - Undefined Weak Reference
    _initio                                   - Undefined Weak Reference
    _mutex_acquire                            - Undefined Weak Reference
    _mutex_free                               - Undefined Weak Reference
    _mutex_release                            - Undefined Weak Reference
    _printf_mbtowc                            - Undefined Weak Reference
    _printf_post_padding                      - Undefined Weak Reference
    _printf_pre_padding                       - Undefined Weak Reference
    _rand_init                                - Undefined Weak Reference
    _signal_finish                            - Undefined Weak Reference
    _signal_init                              - Undefined Weak Reference
    _terminateio                              - Undefined Weak Reference
    __Vectors_Size                           0x00000188   Number         0  startup_stm32f40_41xxx.o ABSOLUTE
    __Vectors                                0x08020000   Data           4  startup_stm32f40_41xxx.o(RESET)
    __Vectors_End                            0x08020188   Data           0  startup_stm32f40_41xxx.o(RESET)
    __main                                   0x08020189   Thumb Code     8  __main.o(!!!main)
    __scatterload                            0x08020191   Thumb Code     0  __scatter.o(!!!scatter)
    __scatterload_rt2                        0x08020191   Thumb Code    44  __scatter.o(!!!scatter)
    __scatterload_rt2_thumb_only             0x08020191   Thumb Code     0  __scatter.o(!!!scatter)
    __scatterload_null                       0x0802019f   Thumb Code     0  __scatter.o(!!!scatter)
    __scatterload_copy                       0x080201c5   Thumb Code    26  __scatter_copy.o(!!handler_copy)
    __scatterload_zeroinit                   0x080201e1   Thumb Code    28  __scatter_zi.o(!!handler_zi)
    _printf_d                                0x080201fd   Thumb Code     0  _printf_d.o(.ARM.Collect$$_printf_percent$$00000009)
    _printf_percent                          0x080201fd   Thumb Code     0  _printf_percent.o(.ARM.Collect$$_printf_percent$$00000000)
    _printf_x                                0x08020203   Thumb Code     0  _printf_x.o(.ARM.Collect$$_printf_percent$$0000000C)
    _printf_c                                0x08020209   Thumb Code     0  _printf_c.o(.ARM.Collect$$_printf_percent$$00000013)
    _printf_percent_end                      0x0802020f   Thumb Code     0  _printf_percent_end.o(.ARM.Collect$$_printf_percent$$00000017)
    __rt_lib_init                            0x08020213   Thumb Code     0  libinit.o(.ARM.Collect$$libinit$$00000000)
    __rt_lib_init_fp_1                       0x08020215   Thumb Code     0  libinit2.o(.ARM.Collect$$libinit$$00000001)
    __rt_lib_init_heap_2                     0x08020219   Thumb Code     0  libinit2.o(.ARM.Collect$$libinit$$00000005)
    __rt_lib_init_preinit_1                  0x08020219   Thumb Code     0  libinit2.o(.ARM.Collect$$libinit$$00000004)
    __rt_lib_init_alloca_1                   0x08020221   Thumb Code     0  libinit2.o(.ARM.Collect$$libinit$$0000002E)
    __rt_lib_init_argv_1                     0x08020221   Thumb Code     0  libinit2.o(.ARM.Collect$$libinit$$0000002C)
    __rt_lib_init_atexit_1                   0x08020221   Thumb Code     0  libinit2.o(.ARM.Collect$$libinit$$0000001B)
    __rt_lib_init_clock_1                    0x08020221   Thumb Code     0  libinit2.o(.ARM.Collect$$libinit$$00000021)
    __rt_lib_init_cpp_1                      0x08020221   Thumb Code     0  libinit2.o(.ARM.Collect$$libinit$$00000032)
    __rt_lib_init_exceptions_1               0x08020221   Thumb Code     0  libinit2.o(.ARM.Collect$$libinit$$00000030)
    __rt_lib_init_fp_trap_1                  0x08020221   Thumb Code     0  libinit2.o(.ARM.Collect$$libinit$$0000001F)
    __rt_lib_init_getenv_1                   0x08020221   Thumb Code     0  libinit2.o(.ARM.Collect$$libinit$$00000023)
    __rt_lib_init_heap_1                     0x08020221   Thumb Code     0  libinit2.o(.ARM.Collect$$libinit$$0000000A)
    __rt_lib_init_lc_collate_1               0x08020221   Thumb Code     0  libinit2.o(.ARM.Collect$$libinit$$00000011)
    __rt_lib_init_lc_ctype_1                 0x08020221   Thumb Code     0  libinit2.o(.ARM.Collect$$libinit$$00000013)
    __rt_lib_init_lc_monetary_1              0x08020221   Thumb Code     0  libinit2.o(.ARM.Collect$$libinit$$00000015)
    __rt_lib_init_lc_numeric_1               0x08020221   Thumb Code     0  libinit2.o(.ARM.Collect$$libinit$$00000017)
    __rt_lib_init_lc_time_1                  0x08020221   Thumb Code     0  libinit2.o(.ARM.Collect$$libinit$$00000019)
    __rt_lib_init_rand_1                     0x08020221   Thumb Code     0  libinit2.o(.ARM.Collect$$libinit$$0000000E)
    __rt_lib_init_return                     0x08020221   Thumb Code     0  libinit2.o(.ARM.Collect$$libinit$$00000033)
    __rt_lib_init_signal_1                   0x08020221   Thumb Code     0  libinit2.o(.ARM.Collect$$libinit$$0000001D)
    __rt_lib_init_stdio_1                    0x08020221   Thumb Code     0  libinit2.o(.ARM.Collect$$libinit$$00000025)
    __rt_lib_init_user_alloc_1               0x08020221   Thumb Code     0  libinit2.o(.ARM.Collect$$libinit$$0000000C)
    __rt_lib_shutdown                        0x08020223   Thumb Code     0  libshutdown.o(.ARM.Collect$$libshutdown$$00000000)
    __rt_lib_shutdown_fp_trap_1              0x08020225   Thumb Code     0  libshutdown2.o(.ARM.Collect$$libshutdown$$00000006)
    __rt_lib_shutdown_heap_1                 0x08020225   Thumb Code     0  libshutdown2.o(.ARM.Collect$$libshutdown$$0000000E)
    __rt_lib_shutdown_return                 0x08020225   Thumb Code     0  libshutdown2.o(.ARM.Collect$$libshutdown$$0000000F)
    __rt_lib_shutdown_signal_1               0x08020225   Thumb Code     0  libshutdown2.o(.ARM.Collect$$libshutdown$$00000009)
    __rt_lib_shutdown_stdio_1                0x08020225   Thumb Code     0  libshutdown2.o(.ARM.Collect$$libshutdown$$00000003)
    __rt_lib_shutdown_user_alloc_1           0x08020225   Thumb Code     0  libshutdown2.o(.ARM.Collect$$libshutdown$$0000000B)
    __rt_entry                               0x08020227   Thumb Code     0  __rtentry.o(.ARM.Collect$$rtentry$$00000000)
    __rt_entry_presh_1                       0x08020227   Thumb Code     0  __rtentry2.o(.ARM.Collect$$rtentry$$00000002)
    __rt_entry_sh                            0x08020227   Thumb Code     0  __rtentry4.o(.ARM.Collect$$rtentry$$00000004)
    __rt_entry_li                            0x0802022d   Thumb Code     0  __rtentry2.o(.ARM.Collect$$rtentry$$0000000A)
    __rt_entry_postsh_1                      0x0802022d   Thumb Code     0  __rtentry2.o(.ARM.Collect$$rtentry$$00000009)
    __rt_entry_main                          0x08020231   Thumb Code     0  __rtentry2.o(.ARM.Collect$$rtentry$$0000000D)
    __rt_entry_postli_1                      0x08020231   Thumb Code     0  __rtentry2.o(.ARM.Collect$$rtentry$$0000000C)
    __rt_exit                                0x08020239   Thumb Code     0  rtexit.o(.ARM.Collect$$rtexit$$00000000)
    __rt_exit_ls                             0x0802023b   Thumb Code     0  rtexit2.o(.ARM.Collect$$rtexit$$00000003)
    __rt_exit_prels_1                        0x0802023b   Thumb Code     0  rtexit2.o(.ARM.Collect$$rtexit$$00000002)
    __rt_exit_exit                           0x0802023f   Thumb Code     0  rtexit2.o(.ARM.Collect$$rtexit$$00000004)
    Reset_Handler                            0x08020245   Thumb Code     8  startup_stm32f40_41xxx.o(.text)
    _maybe_terminate_alloc                   0x08020245   Thumb Code     0  maybetermalloc1.o(.emb_text)
    NMI_Handler                              0x0802024d   Thumb Code     2  startup_stm32f40_41xxx.o(.text)
    HardFault_Handler                        0x0802024f   Thumb Code     2  startup_stm32f40_41xxx.o(.text)
    MemManage_Handler                        0x08020251   Thumb Code     2  startup_stm32f40_41xxx.o(.text)
    BusFault_Handler                         0x08020253   Thumb Code     2  startup_stm32f40_41xxx.o(.text)
    UsageFault_Handler                       0x08020255   Thumb Code     2  startup_stm32f40_41xxx.o(.text)
    SVC_Handler                              0x08020257   Thumb Code     2  startup_stm32f40_41xxx.o(.text)
    DebugMon_Handler                         0x08020259   Thumb Code     2  startup_stm32f40_41xxx.o(.text)
    PendSV_Handler                           0x0802025b   Thumb Code     2  startup_stm32f40_41xxx.o(.text)
    SysTick_Handler                          0x0802025d   Thumb Code     2  startup_stm32f40_41xxx.o(.text)
    ADC_IRQHandler                           0x0802025f   Thumb Code     0  startup_stm32f40_41xxx.o(.text)
    CAN1_RX0_IRQHandler                      0x0802025f   Thumb Code     0  startup_stm32f40_41xxx.o(.text)
    CAN1_RX1_IRQHandler                      0x0802025f   Thumb Code     0  startup_stm32f40_41xxx.o(.text)
    CAN1_SCE_IRQHandler                      0x0802025f   Thumb Code     0  startup_stm32f40_41xxx.o(.text)
    CAN1_TX_IRQHandler                       0x0802025f   Thumb Code     0  startup_stm32f40_41xxx.o(.text)
    CAN2_RX0_IRQHandler                      0x0802025f   Thumb Code     0  startup_stm32f40_41xxx.o(.text)
    CAN2_RX1_IRQHandler                      0x0802025f   Thumb Code     0  startup_stm32f40_41xxx.o(.text)
    CAN2_SCE_IRQHandler                      0x0802025f   Thumb Code     0  startup_stm32f40_41xxx.o(.text)
    CAN2_TX_IRQHandler                       0x0802025f   Thumb Code     0  startup_stm32f40_41xxx.o(.text)
    CRYP_IRQHandler                          0x0802025f   Thumb Code     0  startup_stm32f40_41xxx.o(.text)
    DCMI_IRQHandler                          0x0802025f   Thumb Code     0  startup_stm32f40_41xxx.o(.text)
    DMA1_Stream0_IRQHandler                  0x0802025f   Thumb Code     0  startup_stm32f40_41xxx.o(.text)
    DMA1_Stream1_IRQHandler                  0x0802025f   Thumb Code     0  startup_stm32f40_41xxx.o(.text)
    DMA1_Stream2_IRQHandler                  0x0802025f   Thumb Code     0  startup_stm32f40_41xxx.o(.text)
    DMA1_Stream3_IRQHandler                  0x0802025f   Thumb Code     0  startup_stm32f40_41xxx.o(.text)
    DMA1_Stream4_IRQHandler                  0x0802025f   Thumb Code     0  startup_stm32f40_41xxx.o(.text)
    DMA1_Stream5_IRQHandler                  0x0802025f   Thumb Code     0  startup_stm32f40_41xxx.o(.text)
    DMA1_Stream6_IRQHandler                  0x0802025f   Thumb Code     0  startup_stm32f40_41xxx.o(.text)
    DMA1_Stream7_IRQHandler                  0x0802025f   Thumb Code     0  startup_stm32f40_41xxx.o(.text)
    DMA2_Stream0_IRQHandler                  0x0802025f   Thumb Code     0  startup_stm32f40_41xxx.o(.text)
    DMA2_Stream1_IRQHandler                  0x0802025f   Thumb Code     0  startup_stm32f40_41xxx.o(.text)
    DMA2_Stream2_IRQHandler                  0x0802025f   Thumb Code     0  startup_stm32f40_41xxx.o(.text)
    DMA2_Stream3_IRQHandler                  0x0802025f   Thumb Code     0  startup_stm32f40_41xxx.o(.text)
    DMA2_Stream4_IRQHandler                  0x0802025f   Thumb Code     0  startup_stm32f40_41xxx.o(.text)
    DMA2_Stream5_IRQHandler                  0x0802025f   Thumb Code     0  startup_stm32f40_41xxx.o(.text)
    DMA2_Stream6_IRQHandler                  0x0802025f   Thumb Code     0  startup_stm32f40_41xxx.o(.text)
    DMA2_Stream7_IRQHandler                  0x0802025f   Thumb Code     0  startup_stm32f40_41xxx.o(.text)
    ETH_IRQHandler                           0x0802025f   Thumb Code     0  startup_stm32f40_41xxx.o(.text)
    ETH_WKUP_IRQHandler                      0x0802025f   Thumb Code     0  startup_stm32f40_41xxx.o(.text)
    EXTI15_10_IRQHandler                     0x0802025f   Thumb Code     0  startup_stm32f40_41xxx.o(.text)
    EXTI1_IRQHandler                         0x0802025f   Thumb Code     0  startup_stm32f40_41xxx.o(.text)
    EXTI9_5_IRQHandler                       0x0802025f   Thumb Code     0  startup_stm32f40_41xxx.o(.text)
    FLASH_IRQHandler                         0x0802025f   Thumb Code     0  startup_stm32f40_41xxx.o(.text)
    FPU_IRQHandler                           0x0802025f   Thumb Code     0  startup_stm32f40_41xxx.o(.text)
    FSMC_IRQHandler                          0x0802025f   Thumb Code     0  startup_stm32f40_41xxx.o(.text)
    HASH_RNG_IRQHandler                      0x0802025f   Thumb Code     0  startup_stm32f40_41xxx.o(.text)
    I2C1_ER_IRQHandler                       0x0802025f   Thumb Code     0  startup_stm32f40_41xxx.o(.text)
    I2C1_EV_IRQHandler                       0x0802025f   Thumb Code     0  startup_stm32f40_41xxx.o(.text)
    I2C2_ER_IRQHandler                       0x0802025f   Thumb Code     0  startup_stm32f40_41xxx.o(.text)
    I2C2_EV_IRQHandler                       0x0802025f   Thumb Code     0  startup_stm32f40_41xxx.o(.text)
    I2C3_ER_IRQHandler                       0x0802025f   Thumb Code     0  startup_stm32f40_41xxx.o(.text)
    I2C3_EV_IRQHandler                       0x0802025f   Thumb Code     0  startup_stm32f40_41xxx.o(.text)
    OTG_FS_IRQHandler                        0x0802025f   Thumb Code     0  startup_stm32f40_41xxx.o(.text)
    OTG_FS_WKUP_IRQHandler                   0x0802025f   Thumb Code     0  startup_stm32f40_41xxx.o(.text)
    OTG_HS_EP1_IN_IRQHandler                 0x0802025f   Thumb Code     0  startup_stm32f40_41xxx.o(.text)
    OTG_HS_EP1_OUT_IRQHandler                0x0802025f   Thumb Code     0  startup_stm32f40_41xxx.o(.text)
    OTG_HS_IRQHandler                        0x0802025f   Thumb Code     0  startup_stm32f40_41xxx.o(.text)
    OTG_HS_WKUP_IRQHandler                   0x0802025f   Thumb Code     0  startup_stm32f40_41xxx.o(.text)
    PVD_IRQHandler                           0x0802025f   Thumb Code     0  startup_stm32f40_41xxx.o(.text)
    RCC_IRQHandler                           0x0802025f   Thumb Code     0  startup_stm32f40_41xxx.o(.text)
    RTC_WKUP_IRQHandler                      0x0802025f   Thumb Code     0  startup_stm32f40_41xxx.o(.text)
    SDIO_IRQHandler                          0x0802025f   Thumb Code     0  startup_stm32f40_41xxx.o(.text)
    SPI1_IRQHandler                          0x0802025f   Thumb Code     0  startup_stm32f40_41xxx.o(.text)
    SPI2_IRQHandler                          0x0802025f   Thumb Code     0  startup_stm32f40_41xxx.o(.text)
    SPI3_IRQHandler                          0x0802025f   Thumb Code     0  startup_stm32f40_41xxx.o(.text)
    TAMP_STAMP_IRQHandler                    0x0802025f   Thumb Code     0  startup_stm32f40_41xxx.o(.text)
    TIM1_BRK_TIM9_IRQHandler                 0x0802025f   Thumb Code     0  startup_stm32f40_41xxx.o(.text)
    TIM1_CC_IRQHandler                       0x0802025f   Thumb Code     0  startup_stm32f40_41xxx.o(.text)
    TIM1_TRG_COM_TIM11_IRQHandler            0x0802025f   Thumb Code     0  startup_stm32f40_41xxx.o(.text)
    TIM4_IRQHandler                          0x0802025f   Thumb Code     0  startup_stm32f40_41xxx.o(.text)
    TIM5_IRQHandler                          0x0802025f   Thumb Code     0  startup_stm32f40_41xxx.o(.text)
    TIM6_DAC_IRQHandler                      0x0802025f   Thumb Code     0  startup_stm32f40_41xxx.o(.text)
    TIM7_IRQHandler                          0x0802025f   Thumb Code     0  startup_stm32f40_41xxx.o(.text)
    TIM8_BRK_TIM12_IRQHandler                0x0802025f   Thumb Code     0  startup_stm32f40_41xxx.o(.text)
    TIM8_CC_IRQHandler                       0x0802025f   Thumb Code     0  startup_stm32f40_41xxx.o(.text)
    TIM8_TRG_COM_TIM14_IRQHandler            0x0802025f   Thumb Code     0  startup_stm32f40_41xxx.o(.text)
    UART4_IRQHandler                         0x0802025f   Thumb Code     0  startup_stm32f40_41xxx.o(.text)
    UART5_IRQHandler                         0x0802025f   Thumb Code     0  startup_stm32f40_41xxx.o(.text)
    USART6_IRQHandler                        0x0802025f   Thumb Code     0  startup_stm32f40_41xxx.o(.text)
    WWDG_IRQHandler                          0x0802025f   Thumb Code     0  startup_stm32f40_41xxx.o(.text)
    __user_initial_stackheap                 0x08020261   Thumb Code     0  startup_stm32f40_41xxx.o(.text)
    __I$use$semihosting                      0x08020285   Thumb Code     0  use_no_semi.o(.text)
    __use_no_semihosting_swi                 0x08020285   Thumb Code     2  use_no_semi.o(.text)
    malloc                                   0x08020287   Thumb Code    94  h1_alloc.o(.text)
    free                                     0x080202e5   Thumb Code    78  h1_free.o(.text)
    __2printf                                0x08020335   Thumb Code    20  noretval__2printf.o(.text)
    _printf_truncate_signed                  0x0802034d   Thumb Code    18  _printf_truncate.o(.text)
    _printf_truncate_unsigned                0x0802035f   Thumb Code    18  _printf_truncate.o(.text)
    _printf_str                              0x08020371   Thumb Code    82  _printf_str.o(.text)
    _printf_int_dec                          0x080203c5   Thumb Code   104  _printf_dec.o(.text)
    _printf_int_hex                          0x0802043d   Thumb Code    84  _printf_hex_int.o(.text)
    _printf_longlong_hex                     0x0802043d   Thumb Code     0  _printf_hex_int.o(.text)
    __printf                                 0x08020495   Thumb Code   352  __printf_ss_wp.o(.text)
    __aeabi_memcpy4                          0x080205f5   Thumb Code     0  rt_memcpy_w.o(.text)
    __aeabi_memcpy8                          0x080205f5   Thumb Code     0  rt_memcpy_w.o(.text)
    __rt_memcpy_w                            0x080205f5   Thumb Code   100  rt_memcpy_w.o(.text)
    _memcpy_lastbytes_aligned                0x0802063d   Thumb Code     0  rt_memcpy_w.o(.text)
    __aeabi_memclr4                          0x08020659   Thumb Code     0  rt_memclr_w.o(.text)
    __aeabi_memclr8                          0x08020659   Thumb Code     0  rt_memclr_w.o(.text)
    __rt_memclr_w                            0x08020659   Thumb Code    78  rt_memclr_w.o(.text)
    _memset_w                                0x0802065d   Thumb Code     0  rt_memclr_w.o(.text)
    __use_two_region_memory                  0x080206a7   Thumb Code     2  heapauxi.o(.text)
    __rt_heap_escrow                         0x080206a9   Thumb Code     2  heapauxi.o(.text)
    __rt_heap_expand                         0x080206ab   Thumb Code     2  heapauxi.o(.text)
    __rt_heap_descriptor                     0x080206ad   Thumb Code     8  rt_heap_descriptor_intlibspace.o(.text)
    __use_no_heap                            0x080206b5   Thumb Code     2  hguard.o(.text)
    __heap$guard                             0x080206b7   Thumb Code     2  hguard.o(.text)
    _terminate_user_alloc                    0x080206b9   Thumb Code     2  init_alloc.o(.text)
    _init_user_alloc                         0x080206bb   Thumb Code     2  init_alloc.o(.text)
    __Heap_Full                              0x080206bd   Thumb Code    34  init_alloc.o(.text)
    __Heap_Broken                            0x080206df   Thumb Code     6  init_alloc.o(.text)
    _init_alloc                              0x080206e5   Thumb Code    94  init_alloc.o(.text)
    __Heap_Initialize                        0x08020743   Thumb Code    10  h1_init.o(.text)
    __Heap_DescSize                          0x0802074d   Thumb Code     4  h1_init.o(.text)
    _printf_int_common                       0x08020751   Thumb Code   178  _printf_intcommon.o(.text)
    _printf_char_common                      0x0802080f   Thumb Code    32  _printf_char_common.o(.text)
    _printf_cs_common                        0x08020835   Thumb Code    20  _printf_char.o(.text)
    _printf_char                             0x08020849   Thumb Code    16  _printf_char.o(.text)
    _printf_string                           0x08020859   Thumb Code     8  _printf_char.o(.text)
    _printf_char_file                        0x08020861   Thumb Code    32  _printf_char_file.o(.text)
    __user_libspace                          0x08020885   Thumb Code     8  libspace.o(.text)
    __user_perproc_libspace                  0x08020885   Thumb Code     0  libspace.o(.text)
    __user_perthread_libspace                0x08020885   Thumb Code     0  libspace.o(.text)
    __Heap_ProvideMemory                     0x0802088d   Thumb Code    52  h1_extend.o(.text)
    ferror                                   0x080208c1   Thumb Code     8  ferror.o(.text)
    __rt_SIGRTMEM                            0x080208c9   Thumb Code    14  defsig_rtmem_outer.o(.text)
    __user_setup_stackheap                   0x080208d7   Thumb Code    74  sys_stackheap_outer.o(.text)
    exit                                     0x08020921   Thumb Code    12  exit.o(.text)
    __sig_exit                               0x0802092d   Thumb Code    10  defsig_exit.o(.text)
    __rt_SIGRTMEM_inner                      0x08020939   Thumb Code    22  defsig_rtmem_inner.o(.text)
    __default_signal_display                 0x08020989   Thumb Code    50  defsig_general.o(.text)
    EXTI0_IRQHandler                         0x080209bd   Thumb Code    38  key_interrupt.o(i.EXTI0_IRQHandler)
    EXTI2_IRQHandler                         0x080209f5   Thumb Code    42  key_interrupt.o(i.EXTI2_IRQHandler)
    EXTI3_IRQHandler                         0x08020a31   Thumb Code    42  key_interrupt.o(i.EXTI3_IRQHandler)
    EXTI4_IRQHandler                         0x08020a6d   Thumb Code    40  key_interrupt.o(i.EXTI4_IRQHandler)
    EXTI_ClearITPendingBit                   0x08020aa5   Thumb Code     6  stm32f4xx_exti.o(i.EXTI_ClearITPendingBit)
    EXTI_GetITStatus                         0x08020ab1   Thumb Code    20  stm32f4xx_exti.o(i.EXTI_GetITStatus)
    EXTI_Init                                0x08020ac9   Thumb Code   142  stm32f4xx_exti.o(i.EXTI_Init)
    FLASH_ClearFlag                          0x08020c39   Thumb Code     6  stm32f4xx_flash.o(i.FLASH_ClearFlag)
    FLASH_EraseSector                        0x08020c45   Thumb Code   130  stm32f4xx_flash.o(i.FLASH_EraseSector)
    FLASH_GetStatus                          0x08020ccd   Thumb Code    80  stm32f4xx_flash.o(i.FLASH_GetStatus)
    FLASH_Lock                               0x08020d21   Thumb Code    14  stm32f4xx_flash.o(i.FLASH_Lock)
    FLASH_ProgramByte                        0x08020d35   Thumb Code    70  stm32f4xx_flash.o(i.FLASH_ProgramByte)
    FLASH_Unlock                             0x08020d81   Thumb Code    24  stm32f4xx_flash.o(i.FLASH_Unlock)
    FLASH_WaitForLastOperation               0x08020da5   Thumb Code    34  stm32f4xx_flash.o(i.FLASH_WaitForLastOperation)
    Flash_Init                               0x08020dc9   Thumb Code    20  flash.o(i.Flash_Init)
    Flash_Unlock                             0x08020de5   Thumb Code    14  flash.o(i.Flash_Unlock)
    GPIO_Init                                0x08020df3   Thumb Code   144  stm32f4xx_gpio.o(i.GPIO_Init)
    GPIO_PinAFConfig                         0x08020e83   Thumb Code    70  stm32f4xx_gpio.o(i.GPIO_PinAFConfig)
    GPIO_ReadInputDataBit                    0x08020ec9   Thumb Code    18  stm32f4xx_gpio.o(i.GPIO_ReadInputDataBit)
    GPIO_ResetBits                           0x08020edb   Thumb Code     4  stm32f4xx_gpio.o(i.GPIO_ResetBits)
    GPIO_SetBits                             0x08020edf   Thumb Code     4  stm32f4xx_gpio.o(i.GPIO_SetBits)
    NVIC_Init                                0x080210e1   Thumb Code   106  misc.o(i.NVIC_Init)
    NVIC_PriorityGroupConfig                 0x08021159   Thumb Code    10  misc.o(i.NVIC_PriorityGroupConfig)
    PWR_BackupAccessCmd                      0x0802116d   Thumb Code     6  stm32f4xx_pwr.o(i.PWR_BackupAccessCmd)
    RCC_AHB1PeriphClockCmd                   0x08021179   Thumb Code    26  stm32f4xx_rcc.o(i.RCC_AHB1PeriphClockCmd)
    RCC_APB1PeriphClockCmd                   0x08021199   Thumb Code    26  stm32f4xx_rcc.o(i.RCC_APB1PeriphClockCmd)
    RCC_APB2PeriphClockCmd                   0x080211b9   Thumb Code    26  stm32f4xx_rcc.o(i.RCC_APB2PeriphClockCmd)
    RCC_GetClocksFreq                        0x080211d9   Thumb Code   214  stm32f4xx_rcc.o(i.RCC_GetClocksFreq)
    RCC_GetFlagStatus                        0x080212c1   Thumb Code    60  stm32f4xx_rcc.o(i.RCC_GetFlagStatus)
    RCC_LSEConfig                            0x08021301   Thumb Code    40  stm32f4xx_rcc.o(i.RCC_LSEConfig)
    RCC_RTCCLKCmd                            0x0802132d   Thumb Code     6  stm32f4xx_rcc.o(i.RCC_RTCCLKCmd)
    RCC_RTCCLKConfig                         0x08021339   Thumb Code    50  stm32f4xx_rcc.o(i.RCC_RTCCLKConfig)
    RTC_AlarmCmd                             0x08021375   Thumb Code   112  stm32f4xx_rtc.o(i.RTC_AlarmCmd)
    RTC_Alarm_IRQHandler                     0x080213e9   Thumb Code    40  rtc.o(i.RTC_Alarm_IRQHandler)
    RTC_ClearFlag                            0x08021449   Thumb Code    24  stm32f4xx_rtc.o(i.RTC_ClearFlag)
    RTC_EnterInitMode                        0x08021465   Thumb Code    76  stm32f4xx_rtc.o(i.RTC_EnterInitMode)
    RTC_ExitInitMode                         0x080214b5   Thumb Code    14  stm32f4xx_rtc.o(i.RTC_ExitInitMode)
    RTC_GetDate                              0x080214c9   Thumb Code    68  stm32f4xx_rtc.o(i.RTC_GetDate)
    RTC_GetFlagStatus                        0x08021515   Thumb Code    32  stm32f4xx_rtc.o(i.RTC_GetFlagStatus)
    RTC_GetTime                              0x0802153d   Thumb Code    72  stm32f4xx_rtc.o(i.RTC_GetTime)
    RTC_ITConfig                             0x0802158d   Thumb Code    94  stm32f4xx_rtc.o(i.RTC_ITConfig)
    RTC_Init                                 0x080215f1   Thumb Code    94  stm32f4xx_rtc.o(i.RTC_Init)
    RTC_ReadBackupRegister                   0x08021655   Thumb Code    26  stm32f4xx_rtc.o(i.RTC_ReadBackupRegister)
    RTC_SetAlarm                             0x08021675   Thumb Code   230  stm32f4xx_rtc.o(i.RTC_SetAlarm)
    RTC_SetDate                              0x08021761   Thumb Code   190  stm32f4xx_rtc.o(i.RTC_SetDate)
    RTC_SetTime                              0x08021829   Thumb Code   198  stm32f4xx_rtc.o(i.RTC_SetTime)
    RTC_WaitForSynchro                       0x080218f9   Thumb Code    92  stm32f4xx_rtc.o(i.RTC_WaitForSynchro)
    RTC_WriteBackupRegister                  0x08021959   Thumb Code    24  stm32f4xx_rtc.o(i.RTC_WriteBackupRegister)
    SYSCFG_EXTILineConfig                    0x08021975   Thumb Code    60  stm32f4xx_syscfg.o(i.SYSCFG_EXTILineConfig)
    SysTick_CLKSourceConfig                  0x08021aa1   Thumb Code    40  misc.o(i.SysTick_CLKSourceConfig)
    SystemInit                               0x08021ac9   Thumb Code    88  system_stm32f4xx.o(i.SystemInit)
    TIM1_UP_TIM10_IRQHandler                 0x08021b31   Thumb Code    20  timer.o(i.TIM1_UP_TIM10_IRQHandler)
    TIM2_IRQHandler                          0x08021b49   Thumb Code    58  timer.o(i.TIM2_IRQHandler)
    TIM3_IRQHandler                          0x08021b8d   Thumb Code    58  timer.o(i.TIM3_IRQHandler)
    TIM8_UP_TIM13_IRQHandler                 0x08021bd5   Thumb Code    50  timer.o(i.TIM8_UP_TIM13_IRQHandler)
    TIM_ClearITPendingBit                    0x08021c11   Thumb Code     6  stm32f4xx_tim.o(i.TIM_ClearITPendingBit)
    TIM_GetITStatus                          0x08021c17   Thumb Code    34  stm32f4xx_tim.o(i.TIM_GetITStatus)
    TIM_SetCompare1                          0x08021c39   Thumb Code     4  stm32f4xx_tim.o(i.TIM_SetCompare1)
    Trie_Match_Byte                          0x08021c3d   Thumb Code   226  dfa_event_queue.o(i.Trie_Match_Byte)
    USART1_IRQHandler                        0x08021d31   Thumb Code    44  uart.o(i.USART1_IRQHandler)
    USART2_IRQHandler                        0x08021d61   Thumb Code    44  rs485.o(i.USART2_IRQHandler)
    USART3_IRQHandler                        0x08021d91   Thumb Code    84  esp8266.o(i.USART3_IRQHandler)
    USART_ClearITPendingBit                  0x08021df9   Thumb Code    30  stm32f4xx_usart.o(i.USART_ClearITPendingBit)
    USART_Cmd                                0x08021e17   Thumb Code    24  stm32f4xx_usart.o(i.USART_Cmd)
    USART_GetFlagStatus                      0x08021e2f   Thumb Code    26  stm32f4xx_usart.o(i.USART_GetFlagStatus)
    USART_GetITStatus                        0x08021e49   Thumb Code    84  stm32f4xx_usart.o(i.USART_GetITStatus)
    USART_ITConfig                           0x08021e9d   Thumb Code    74  stm32f4xx_usart.o(i.USART_ITConfig)
    USART_Init                               0x08021ee9   Thumb Code   204  stm32f4xx_usart.o(i.USART_Init)
    USART_ReceiveData                        0x08021fbd   Thumb Code    10  stm32f4xx_usart.o(i.USART_ReceiveData)
    USART_SendData                           0x08021fc7   Thumb Code     8  stm32f4xx_usart.o(i.USART_SendData)
    _is_digit                                0x08021fcf   Thumb Code    14  __printf_wp.o(i._is_digit)
    _sys_exit                                0x08021fdd   Thumb Code     4  retarget.o(i._sys_exit)
    _ttywrch                                 0x08021fe1   Thumb Code    28  retarget.o(i._ttywrch)
    alarm_handler                            0x08022001   Thumb Code   136  event_handlers.o(i.alarm_handler)
    beep_gpio_init                           0x0802208d   Thumb Code    46  beep.o(i.beep_gpio_init)
    beep_off                                 0x080220c1   Thumb Code    24  event_handlers.o(i.beep_off)
    beep_on                                  0x080220dd   Thumb Code    24  event_handlers.o(i.beep_on)
    clear_key_state                          0x08022111   Thumb Code    20  key_interrupt.o(i.clear_key_state)
    co2_auto                                 0x08022135   Thumb Code    18  event_handlers.o(i.co2_auto)
    co2_get_value                            0x08022169   Thumb Code    48  event_handlers.o(i.co2_get_value)
    co2_off                                  0x080221c9   Thumb Code    18  event_handlers.o(i.co2_off)
    dec_to_bcd                               0x080221fd   Thumb Code    26  rtc.o(i.dec_to_bcd)
    default_handler                          0x08022219   Thumb Code    12  event_handlers.o(i.default_handler)
    esp8266_net_init_task                    0x080222cf   Thumb Code     2  event_handlers.o(i.esp8266_net_init_task)
    event_push_interface                     0x080222d1   Thumb Code    20  dfa_event_queue.o(i.event_push_interface)
    fan_off                                  0x080222ed   Thumb Code    24  event_handlers.o(i.fan_off)
    fan_on                                   0x08022309   Thumb Code    24  event_handlers.o(i.fan_on)
    fan_speed                                0x08022321   Thumb Code    56  event_handlers.o(i.fan_speed)
    flash_test                               0x08022361   Thumb Code   104  flash.o(i.flash_test)
    fputc                                    0x0802244d   Thumb Code    32  retarget.o(i.fputc)
    init                                     0x08022471   Thumb Code    60  main.o(i.init)
    key_gpio_init                            0x080224ad   Thumb Code    60  key_interrupt.o(i.key_gpio_init)
    key_interrupt_init                       0x080224f1   Thumb Code   242  key_interrupt.o(i.key_interrupt_init)
    led_gpio_init                            0x080225ed   Thumb Code   110  led.o(i.led_gpio_init)
    led_off                                  0x08022665   Thumb Code    76  event_handlers.o(i.led_off)
    led_on                                   0x080226b9   Thumb Code    76  event_handlers.o(i.led_on)
    main                                     0x0802270d   Thumb Code   208  main.o(i.main)
    motor1_set_duty                          0x080228b1   Thumb Code    38  motor.o(i.motor1_set_duty)
    read_mq_2                                0x080228e1   Thumb Code    14  mq_2.o(i.read_mq_2)
    rtc_alarm_init                           0x080228f5   Thumb Code    86  rtc.o(i.rtc_alarm_init)
    rtc_alarm_set                            0x0802294b   Thumb Code    62  rtc.o(i.rtc_alarm_set)
    rtc_init                                 0x08022989   Thumb Code   122  rtc.o(i.rtc_init)
    rtc_print_current_date_time              0x08022a09   Thumb Code    60  rtc.o(i.rtc_print_current_date_time)
    rtc_set_date                             0x08022a75   Thumb Code    38  rtc.o(i.rtc_set_date)
    rtc_set_time                             0x08022a9b   Thumb Code    38  rtc.o(i.rtc_set_time)
    run_event_task                           0x08022ac1   Thumb Code    12  dfa_event_queue.o(i.run_event_task)
    sector_program_by_bytes                  0x08022ad5   Thumb Code   104  flash.o(i.sector_program_by_bytes)
    sector_read_byte                         0x08022b3d   Thumb Code     6  flash.o(i.sector_read_byte)
    set_alarm                                0x08022b45   Thumb Code    60  event_handlers.o(i.set_alarm)
    set_date                                 0x08022bc9   Thumb Code    58  event_handlers.o(i.set_date)
    set_time                                 0x08022c39   Thumb Code    58  event_handlers.o(i.set_time)
    submit_alarm_hour                        0x08022ca9   Thumb Code    44  event_handlers.o(i.submit_alarm_hour)
    submit_alarm_min                         0x08022d09   Thumb Code    26  event_handlers.o(i.submit_alarm_min)
    submit_alarm_sec                         0x08022d59   Thumb Code    26  event_handlers.o(i.submit_alarm_sec)
    submit_date_day                          0x08022da9   Thumb Code    26  event_handlers.o(i.submit_date_day)
    submit_date_month                        0x08022de9   Thumb Code    26  event_handlers.o(i.submit_date_month)
    submit_date_week                         0x08022e29   Thumb Code    26  event_handlers.o(i.submit_date_week)
    submit_date_year                         0x08022e69   Thumb Code    26  event_handlers.o(i.submit_date_year)
    submit_time_hour                         0x08022ea9   Thumb Code    42  event_handlers.o(i.submit_time_hour)
    submit_time_min                          0x08022ef9   Thumb Code    26  event_handlers.o(i.submit_time_min)
    submit_time_sec                          0x08022f39   Thumb Code    26  event_handlers.o(i.submit_time_sec)
    systick_init                             0x08022f79   Thumb Code    12  systick.o(i.systick_init)
    temperature_humidity_sensor_check        0x08022f85   Thumb Code   254  temperature_humidity_sensor.o(i.temperature_humidity_sensor_check)
    temperature_humidity_sensor_init         0x08023091   Thumb Code    12  temperature_humidity_sensor.o(i.temperature_humidity_sensor_init)
    temperature_humidity_sensor_measure      0x0802309d   Thumb Code   188  temperature_humidity_sensor.o(i.temperature_humidity_sensor_measure)
    temperature_humidity_set_IO_mode         0x08023165   Thumb Code    38  temperature_humidity_sensor.o(i.temperature_humidity_set_IO_mode)
    trie_init                                0x080231bd   Thumb Code   258  dfa_event_queue.o(i.trie_init)
    usart1_init                              0x08023471   Thumb Code   168  uart.o(i.usart1_init)
    usart1_send_byte                         0x08023521   Thumb Code    30  uart.o(i.usart1_send_byte)
    usart1_send_string                       0x08023545   Thumb Code    24  uart.o(i.usart1_send_string)
    __aeabi_d2f                              0x0802355d   Thumb Code     0  d2f.o(x$fpl$d2f)
    _d2f                                     0x0802355d   Thumb Code    98  d2f.o(x$fpl$d2f)
    __aeabi_ddiv                             0x080235c1   Thumb Code     0  ddiv.o(x$fpl$ddiv)
    _ddiv                                    0x080235c1   Thumb Code   552  ddiv.o(x$fpl$ddiv)
    __aeabi_i2d                              0x08023871   Thumb Code     0  dflt_clz.o(x$fpl$dflt)
    _dflt                                    0x08023871   Thumb Code    46  dflt_clz.o(x$fpl$dflt)
    __fpl_dnaninf                            0x0802389f   Thumb Code   156  dnaninf.o(x$fpl$dnaninf)
    __fpl_dretinf                            0x0802393b   Thumb Code    12  dretinf.o(x$fpl$dretinf)
    _fp_init                                 0x08023947   Thumb Code    10  fpinit.o(x$fpl$fpinit)
    __fplib_config_fpu_vfp                   0x0802394f   Thumb Code     0  fpinit.o(x$fpl$fpinit)
    __fplib_config_pureend_doubles           0x0802394f   Thumb Code     0  fpinit.o(x$fpl$fpinit)
    __fpl_fretinf                            0x08023951   Thumb Code    10  fretinf.o(x$fpl$fretinf)
    __I$use$fp                               0x0802395a   Number         0  usenofp.o(x$fpl$usenofp)
    Region$$Table$$Base                      0x08023a58   Number         0  anon$$obj.o(Region$$Table)
    Region$$Table$$Limit                     0x08023a78   Number         0  anon$$obj.o(Region$$Table)
    KEY1_State                               0x20000000   Data           1  key_interrupt.o(.data)
    KEY2_State                               0x20000001   Data           1  key_interrupt.o(.data)
    KEY3_State                               0x20000002   Data           1  key_interrupt.o(.data)
    KEY4_State                               0x20000003   Data           1  key_interrupt.o(.data)
    LED1_state                               0x20000004   Data           1  led.o(.data)
    LED2_state                               0x20000005   Data           1  led.o(.data)
    LED3_state                               0x20000006   Data           1  led.o(.data)
    LED4_state                               0x20000007   Data           1  led.o(.data)
    CO2_density                              0x20000014   Data           4  co2_sensor.o(.data)
    CO2_sensor_control_mode                  0x20000018   Data           1  co2_sensor.o(.data)
    g_esp8266_rx_cnt                         0x2000001c   Data           4  esp8266.o(.data)
    g_esp8266_rx_end                         0x20000020   Data           4  esp8266.o(.data)
    g_esp8266_transparent_transmission_sta   0x20000024   Data           4  esp8266.o(.data)
    current_TH_data                          0x20000029   Data           3  temperature_humidity_sensor.o(.data)
    CURRENT_sector_info                      0x2000002c   Data          12  flash.o(.data)
    __stdout                                 0x20000038   Data           4  retarget.o(.data)
    __stdin                                  0x2000003c   Data           4  retarget.o(.data)
    submit_date                              0x200000b8   Data           4  rtc.o(.data)
    submit_time                              0x200000bc   Data           4  rtc.o(.data)
    submit_alarm                             0x200000c0   Data          16  rtc.o(.data)
    g_esp8266_tx_buf                         0x200000e0   Data         512  esp8266.o(.bss)
    g_esp8266_rx_buf                         0x200002e0   Data         512  esp8266.o(.bss)
    __libspace_start                         0x20000544   Data          96  libspace.o(.bss)
    __temporary_stack_top$libspace           0x200005a4   Data           0  libspace.o(.bss)



==============================================================================

Memory Map of the image

  Image Entry point : 0x08020245

  Load Region LR_1 (Base: 0x08020000, Size: 0x00003b58, Max: 0xffffffff, ABSOLUTE)

    Execution Region ER_RO (Base: 0x08020000, Size: 0x00003a78, Max: 0xffffffff, ABSOLUTE)

    Base Addr    Size         Type   Attr      Idx    E Section Name        Object

    0x08020000   0x00000188   Data   RO         3911    RESET               startup_stm32f40_41xxx.o
    0x08020188   0x00000008   Code   RO         4099  * !!!main             c_w.l(__main.o)
    0x08020190   0x00000034   Code   RO         4390    !!!scatter          c_w.l(__scatter.o)
    0x080201c4   0x0000001a   Code   RO         4392    !!handler_copy      c_w.l(__scatter_copy.o)
    0x080201de   0x00000002   PAD
    0x080201e0   0x0000001c   Code   RO         4394    !!handler_zi        c_w.l(__scatter_zi.o)
    0x080201fc   0x00000000   Code   RO         4084    .ARM.Collect$$_printf_percent$$00000000  c_w.l(_printf_percent.o)
    0x080201fc   0x00000006   Code   RO         4082    .ARM.Collect$$_printf_percent$$00000009  c_w.l(_printf_d.o)
    0x08020202   0x00000006   Code   RO         4081    .ARM.Collect$$_printf_percent$$0000000C  c_w.l(_printf_x.o)
    0x08020208   0x00000006   Code   RO         4080    .ARM.Collect$$_printf_percent$$00000013  c_w.l(_printf_c.o)
    0x0802020e   0x00000004   Code   RO         4167    .ARM.Collect$$_printf_percent$$00000017  c_w.l(_printf_percent_end.o)
    0x08020212   0x00000002   Code   RO         4334    .ARM.Collect$$libinit$$00000000  c_w.l(libinit.o)
    0x08020214   0x00000004   Code   RO         4170    .ARM.Collect$$libinit$$00000001  c_w.l(libinit2.o)
    0x08020218   0x00000000   Code   RO         4173    .ARM.Collect$$libinit$$00000004  c_w.l(libinit2.o)
    0x08020218   0x00000008   Code   RO         4174    .ARM.Collect$$libinit$$00000005  c_w.l(libinit2.o)
    0x08020220   0x00000000   Code   RO         4176    .ARM.Collect$$libinit$$0000000A  c_w.l(libinit2.o)
    0x08020220   0x00000000   Code   RO         4178    .ARM.Collect$$libinit$$0000000C  c_w.l(libinit2.o)
    0x08020220   0x00000000   Code   RO         4180    .ARM.Collect$$libinit$$0000000E  c_w.l(libinit2.o)
    0x08020220   0x00000000   Code   RO         4183    .ARM.Collect$$libinit$$00000011  c_w.l(libinit2.o)
    0x08020220   0x00000000   Code   RO         4185    .ARM.Collect$$libinit$$00000013  c_w.l(libinit2.o)
    0x08020220   0x00000000   Code   RO         4187    .ARM.Collect$$libinit$$00000015  c_w.l(libinit2.o)
    0x08020220   0x00000000   Code   RO         4189    .ARM.Collect$$libinit$$00000017  c_w.l(libinit2.o)
    0x08020220   0x00000000   Code   RO         4191    .ARM.Collect$$libinit$$00000019  c_w.l(libinit2.o)
    0x08020220   0x00000000   Code   RO         4193    .ARM.Collect$$libinit$$0000001B  c_w.l(libinit2.o)
    0x08020220   0x00000000   Code   RO         4195    .ARM.Collect$$libinit$$0000001D  c_w.l(libinit2.o)
    0x08020220   0x00000000   Code   RO         4197    .ARM.Collect$$libinit$$0000001F  c_w.l(libinit2.o)
    0x08020220   0x00000000   Code   RO         4199    .ARM.Collect$$libinit$$00000021  c_w.l(libinit2.o)
    0x08020220   0x00000000   Code   RO         4201    .ARM.Collect$$libinit$$00000023  c_w.l(libinit2.o)
    0x08020220   0x00000000   Code   RO         4203    .ARM.Collect$$libinit$$00000025  c_w.l(libinit2.o)
    0x08020220   0x00000000   Code   RO         4207    .ARM.Collect$$libinit$$0000002C  c_w.l(libinit2.o)
    0x08020220   0x00000000   Code   RO         4209    .ARM.Collect$$libinit$$0000002E  c_w.l(libinit2.o)
    0x08020220   0x00000000   Code   RO         4211    .ARM.Collect$$libinit$$00000030  c_w.l(libinit2.o)
    0x08020220   0x00000000   Code   RO         4213    .ARM.Collect$$libinit$$00000032  c_w.l(libinit2.o)
    0x08020220   0x00000002   Code   RO         4214    .ARM.Collect$$libinit$$00000033  c_w.l(libinit2.o)
    0x08020222   0x00000002   Code   RO         4387    .ARM.Collect$$libshutdown$$00000000  c_w.l(libshutdown.o)
    0x08020224   0x00000000   Code   RO         4347    .ARM.Collect$$libshutdown$$00000003  c_w.l(libshutdown2.o)
    0x08020224   0x00000000   Code   RO         4350    .ARM.Collect$$libshutdown$$00000006  c_w.l(libshutdown2.o)
    0x08020224   0x00000000   Code   RO         4353    .ARM.Collect$$libshutdown$$00000009  c_w.l(libshutdown2.o)
    0x08020224   0x00000000   Code   RO         4355    .ARM.Collect$$libshutdown$$0000000B  c_w.l(libshutdown2.o)
    0x08020224   0x00000000   Code   RO         4358    .ARM.Collect$$libshutdown$$0000000E  c_w.l(libshutdown2.o)
    0x08020224   0x00000002   Code   RO         4359    .ARM.Collect$$libshutdown$$0000000F  c_w.l(libshutdown2.o)
    0x08020226   0x00000000   Code   RO         4129    .ARM.Collect$$rtentry$$00000000  c_w.l(__rtentry.o)
    0x08020226   0x00000000   Code   RO         4230    .ARM.Collect$$rtentry$$00000002  c_w.l(__rtentry2.o)
    0x08020226   0x00000006   Code   RO         4242    .ARM.Collect$$rtentry$$00000004  c_w.l(__rtentry4.o)
    0x0802022c   0x00000000   Code   RO         4232    .ARM.Collect$$rtentry$$00000009  c_w.l(__rtentry2.o)
    0x0802022c   0x00000004   Code   RO         4233    .ARM.Collect$$rtentry$$0000000A  c_w.l(__rtentry2.o)
    0x08020230   0x00000000   Code   RO         4235    .ARM.Collect$$rtentry$$0000000C  c_w.l(__rtentry2.o)
    0x08020230   0x00000008   Code   RO         4236    .ARM.Collect$$rtentry$$0000000D  c_w.l(__rtentry2.o)
    0x08020238   0x00000002   Code   RO         4335    .ARM.Collect$$rtexit$$00000000  c_w.l(rtexit.o)
    0x0802023a   0x00000000   Code   RO         4361    .ARM.Collect$$rtexit$$00000002  c_w.l(rtexit2.o)
    0x0802023a   0x00000004   Code   RO         4362    .ARM.Collect$$rtexit$$00000003  c_w.l(rtexit2.o)
    0x0802023e   0x00000006   Code   RO         4363    .ARM.Collect$$rtexit$$00000004  c_w.l(rtexit2.o)
    0x08020244   0x00000000   Code   RO         4251    .emb_text           c_w.l(maybetermalloc1.o)
    0x08020244   0x00000040   Code   RO         3912  * .text               startup_stm32f40_41xxx.o
    0x08020284   0x00000002   Code   RO         3959    .text               c_w.l(use_no_semi.o)
    0x08020286   0x0000005e   Code   RO         3965    .text               c_w.l(h1_alloc.o)
    0x080202e4   0x0000004e   Code   RO         3967    .text               c_w.l(h1_free.o)
    0x08020332   0x00000002   PAD
    0x08020334   0x00000018   Code   RO         4027    .text               c_w.l(noretval__2printf.o)
    0x0802034c   0x00000024   Code   RO         4033    .text               c_w.l(_printf_truncate.o)
    0x08020370   0x00000052   Code   RO         4035    .text               c_w.l(_printf_str.o)
    0x080203c2   0x00000002   PAD
    0x080203c4   0x00000078   Code   RO         4037    .text               c_w.l(_printf_dec.o)
    0x0802043c   0x00000058   Code   RO         4042    .text               c_w.l(_printf_hex_int.o)
    0x08020494   0x00000160   Code   RO         4075    .text               c_w.l(__printf_ss_wp.o)
    0x080205f4   0x00000064   Code   RO         4091    .text               c_w.l(rt_memcpy_w.o)
    0x08020658   0x0000004e   Code   RO         4095    .text               c_w.l(rt_memclr_w.o)
    0x080206a6   0x00000006   Code   RO         4097    .text               c_w.l(heapauxi.o)
    0x080206ac   0x00000008   Code   RO         4133    .text               c_w.l(rt_heap_descriptor_intlibspace.o)
    0x080206b4   0x00000004   Code   RO         4135    .text               c_w.l(hguard.o)
    0x080206b8   0x0000008a   Code   RO         4137    .text               c_w.l(init_alloc.o)
    0x08020742   0x0000000e   Code   RO         4141    .text               c_w.l(h1_init.o)
    0x08020750   0x000000b2   Code   RO         4155    .text               c_w.l(_printf_intcommon.o)
    0x08020802   0x00000002   PAD
    0x08020804   0x00000030   Code   RO         4159    .text               c_w.l(_printf_char_common.o)
    0x08020834   0x0000002c   Code   RO         4163    .text               c_w.l(_printf_char.o)
    0x08020860   0x00000024   Code   RO         4165    .text               c_w.l(_printf_char_file.o)
    0x08020884   0x00000008   Code   RO         4226    .text               c_w.l(libspace.o)
    0x0802088c   0x00000034   Code   RO         4253    .text               c_w.l(h1_extend.o)
    0x080208c0   0x00000008   Code   RO         4288    .text               c_w.l(ferror.o)
    0x080208c8   0x0000000e   Code   RO         4295    .text               c_w.l(defsig_rtmem_outer.o)
    0x080208d6   0x0000004a   Code   RO         4311    .text               c_w.l(sys_stackheap_outer.o)
    0x08020920   0x0000000c   Code   RO         4317    .text               c_w.l(exit.o)
    0x0802092c   0x0000000a   Code   RO         4319    .text               c_w.l(defsig_exit.o)
    0x08020936   0x00000002   PAD
    0x08020938   0x00000050   Code   RO         4321    .text               c_w.l(defsig_rtmem_inner.o)
    0x08020988   0x00000032   Code   RO         4343    .text               c_w.l(defsig_general.o)
    0x080209ba   0x00000002   PAD
    0x080209bc   0x00000038   Code   RO          184    i.EXTI0_IRQHandler  key_interrupt.o
    0x080209f4   0x0000003c   Code   RO          185    i.EXTI2_IRQHandler  key_interrupt.o
    0x08020a30   0x0000003c   Code   RO          186    i.EXTI3_IRQHandler  key_interrupt.o
    0x08020a6c   0x00000038   Code   RO          187    i.EXTI4_IRQHandler  key_interrupt.o
    0x08020aa4   0x0000000c   Code   RO         1811    i.EXTI_ClearITPendingBit  stm32f4xx_exti.o
    0x08020ab0   0x00000018   Code   RO         1815    i.EXTI_GetITStatus  stm32f4xx_exti.o
    0x08020ac8   0x00000094   Code   RO         1816    i.EXTI_Init         stm32f4xx_exti.o
    0x08020b5c   0x00000030   Code   RO         1317    i.Event_Pop_run     dfa_event_queue.o
    0x08020b8c   0x000000ac   Code   RO         1318    i.Event_Push        dfa_event_queue.o
    0x08020c38   0x0000000c   Code   RO         1876    i.FLASH_ClearFlag   stm32f4xx_flash.o
    0x08020c44   0x00000088   Code   RO         1882    i.FLASH_EraseSector  stm32f4xx_flash.o
    0x08020ccc   0x00000054   Code   RO         1884    i.FLASH_GetStatus   stm32f4xx_flash.o
    0x08020d20   0x00000014   Code   RO         1888    i.FLASH_Lock        stm32f4xx_flash.o
    0x08020d34   0x0000004c   Code   RO         1909    i.FLASH_ProgramByte  stm32f4xx_flash.o
    0x08020d80   0x00000024   Code   RO         1914    i.FLASH_Unlock      stm32f4xx_flash.o
    0x08020da4   0x00000022   Code   RO         1915    i.FLASH_WaitForLastOperation  stm32f4xx_flash.o
    0x08020dc6   0x00000002   PAD
    0x08020dc8   0x0000001c   Code   RO          940    i.Flash_Init        flash.o
    0x08020de4   0x0000000e   Code   RO          991    i.Flash_Unlock      flash.o
    0x08020df2   0x00000090   Code   RO         2135    i.GPIO_Init         stm32f4xx_gpio.o
    0x08020e82   0x00000046   Code   RO         2136    i.GPIO_PinAFConfig  stm32f4xx_gpio.o
    0x08020ec8   0x00000012   Code   RO         2139    i.GPIO_ReadInputDataBit  stm32f4xx_gpio.o
    0x08020eda   0x00000004   Code   RO         2142    i.GPIO_ResetBits    stm32f4xx_gpio.o
    0x08020ede   0x00000004   Code   RO         2143    i.GPIO_SetBits      stm32f4xx_gpio.o
    0x08020ee2   0x00000002   PAD
    0x08020ee4   0x000001fc   Code   RO         1319    i.Match_Event_Handler  dfa_event_queue.o
    0x080210e0   0x00000078   Code   RO         1762    i.NVIC_Init         misc.o
    0x08021158   0x00000014   Code   RO         1763    i.NVIC_PriorityGroupConfig  misc.o
    0x0802116c   0x0000000c   Code   RO         2290    i.PWR_BackupAccessCmd  stm32f4xx_pwr.o
    0x08021178   0x00000020   Code   RO         2404    i.RCC_AHB1PeriphClockCmd  stm32f4xx_rcc.o
    0x08021198   0x00000020   Code   RO         2413    i.RCC_APB1PeriphClockCmd  stm32f4xx_rcc.o
    0x080211b8   0x00000020   Code   RO         2416    i.RCC_APB2PeriphClockCmd  stm32f4xx_rcc.o
    0x080211d8   0x000000e8   Code   RO         2425    i.RCC_GetClocksFreq  stm32f4xx_rcc.o
    0x080212c0   0x00000040   Code   RO         2426    i.RCC_GetFlagStatus  stm32f4xx_rcc.o
    0x08021300   0x0000002c   Code   RO         2434    i.RCC_LSEConfig     stm32f4xx_rcc.o
    0x0802132c   0x0000000c   Code   RO         2447    i.RCC_RTCCLKCmd     stm32f4xx_rcc.o
    0x08021338   0x0000003c   Code   RO         2448    i.RCC_RTCCLKConfig  stm32f4xx_rcc.o
    0x08021374   0x00000074   Code   RO         2736    i.RTC_AlarmCmd      stm32f4xx_rtc.o
    0x080213e8   0x0000002c   Code   RO         1635    i.RTC_Alarm_IRQHandler  rtc.o
    0x08021414   0x00000016   Code   RO         2739    i.RTC_Bcd2ToByte    stm32f4xx_rtc.o
    0x0802142a   0x0000001c   Code   RO         2741    i.RTC_ByteToBcd2    stm32f4xx_rtc.o
    0x08021446   0x00000002   PAD
    0x08021448   0x0000001c   Code   RO         2744    i.RTC_ClearFlag     stm32f4xx_rtc.o
    0x08021464   0x00000050   Code   RO         2751    i.RTC_EnterInitMode  stm32f4xx_rtc.o
    0x080214b4   0x00000014   Code   RO         2752    i.RTC_ExitInitMode  stm32f4xx_rtc.o
    0x080214c8   0x0000004c   Code   RO         2755    i.RTC_GetDate       stm32f4xx_rtc.o
    0x08021514   0x00000028   Code   RO         2756    i.RTC_GetFlagStatus  stm32f4xx_rtc.o
    0x0802153c   0x00000050   Code   RO         2760    i.RTC_GetTime       stm32f4xx_rtc.o
    0x0802158c   0x00000064   Code   RO         2764    i.RTC_ITConfig      stm32f4xx_rtc.o
    0x080215f0   0x00000064   Code   RO         2765    i.RTC_Init          stm32f4xx_rtc.o
    0x08021654   0x00000020   Code   RO         2768    i.RTC_ReadBackupRegister  stm32f4xx_rtc.o
    0x08021674   0x000000ec   Code   RO         2770    i.RTC_SetAlarm      stm32f4xx_rtc.o
    0x08021760   0x000000c8   Code   RO         2771    i.RTC_SetDate       stm32f4xx_rtc.o
    0x08021828   0x000000d0   Code   RO         2772    i.RTC_SetTime       stm32f4xx_rtc.o
    0x080218f8   0x00000060   Code   RO         2788    i.RTC_WaitForSynchro  stm32f4xx_rtc.o
    0x08021958   0x0000001c   Code   RO         2791    i.RTC_WriteBackupRegister  stm32f4xx_rtc.o
    0x08021974   0x00000040   Code   RO         3097    i.SYSCFG_EXTILineConfig  stm32f4xx_syscfg.o
    0x080219b4   0x000000ec   Code   RO         3919    i.SetSysClock       system_stm32f4xx.o
    0x08021aa0   0x00000028   Code   RO         1766    i.SysTick_CLKSourceConfig  misc.o
    0x08021ac8   0x00000068   Code   RO         3921    i.SystemInit        system_stm32f4xx.o
    0x08021b30   0x00000018   Code   RO          323    i.TIM1_UP_TIM10_IRQHandler  timer.o
    0x08021b48   0x00000044   Code   RO          324    i.TIM2_IRQHandler   timer.o
    0x08021b8c   0x00000048   Code   RO          325    i.TIM3_IRQHandler   timer.o
    0x08021bd4   0x0000003c   Code   RO          326    i.TIM8_UP_TIM13_IRQHandler  timer.o
    0x08021c10   0x00000006   Code   RO         3165    i.TIM_ClearITPendingBit  stm32f4xx_tim.o
    0x08021c16   0x00000022   Code   RO         3191    i.TIM_GetITStatus   stm32f4xx_tim.o
    0x08021c38   0x00000004   Code   RO         3232    i.TIM_SetCompare1   stm32f4xx_tim.o
    0x08021c3c   0x000000f4   Code   RO         1320    i.Trie_Match_Byte   dfa_event_queue.o
    0x08021d30   0x00000030   Code   RO          465    i.USART1_IRQHandler  uart.o
    0x08021d60   0x00000030   Code   RO          794    i.USART2_IRQHandler  rs485.o
    0x08021d90   0x00000068   Code   RO          658    i.USART3_IRQHandler  esp8266.o
    0x08021df8   0x0000001e   Code   RO         3721    i.USART_ClearITPendingBit  stm32f4xx_usart.o
    0x08021e16   0x00000018   Code   RO         3724    i.USART_Cmd         stm32f4xx_usart.o
    0x08021e2e   0x0000001a   Code   RO         3727    i.USART_GetFlagStatus  stm32f4xx_usart.o
    0x08021e48   0x00000054   Code   RO         3728    i.USART_GetITStatus  stm32f4xx_usart.o
    0x08021e9c   0x0000004a   Code   RO         3730    i.USART_ITConfig    stm32f4xx_usart.o
    0x08021ee6   0x00000002   PAD
    0x08021ee8   0x000000d4   Code   RO         3731    i.USART_Init        stm32f4xx_usart.o
    0x08021fbc   0x0000000a   Code   RO         3738    i.USART_ReceiveData  stm32f4xx_usart.o
    0x08021fc6   0x00000008   Code   RO         3741    i.USART_SendData    stm32f4xx_usart.o
    0x08021fce   0x0000000e   Code   RO         4070    i._is_digit         c_w.l(__printf_wp.o)
    0x08021fdc   0x00000004   Code   RO         1270    i._sys_exit         retarget.o
    0x08021fe0   0x00000020   Code   RO         1271    i._ttywrch          retarget.o
    0x08022000   0x0000008c   Code   RO         1410    i.alarm_handler     event_handlers.o
    0x0802208c   0x00000034   Code   RO          378    i.beep_gpio_init    beep.o
    0x080220c0   0x0000001c   Code   RO         1411    i.beep_off          event_handlers.o
    0x080220dc   0x0000001c   Code   RO         1412    i.beep_on           event_handlers.o
    0x080220f8   0x00000016   Code   RO         1321    i.char_to_index     dfa_event_queue.o
    0x0802210e   0x00000002   PAD
    0x08022110   0x00000024   Code   RO          188    i.clear_key_state   key_interrupt.o
    0x08022134   0x00000034   Code   RO         1413    i.co2_auto          event_handlers.o
    0x08022168   0x00000060   Code   RO         1414    i.co2_get_value     event_handlers.o
    0x080221c8   0x00000034   Code   RO         1415    i.co2_off           event_handlers.o
    0x080221fc   0x0000001a   Code   RO         1636    i.dec_to_bcd        rtc.o
    0x08022216   0x00000002   PAD
    0x08022218   0x00000020   Code   RO         1416    i.default_handler   event_handlers.o
    0x08022238   0x0000004a   Code   RO         1417    i.delay_ms          event_handlers.o
    0x08022282   0x0000004c   Code   RO          884    i.delay_us          temperature_humidity_sensor.o
    0x080222ce   0x00000002   Code   RO         1418    i.esp8266_net_init_task  event_handlers.o
    0x080222d0   0x0000001c   Code   RO         1322    i.event_push_interface  dfa_event_queue.o
    0x080222ec   0x0000001c   Code   RO         1419    i.fan_off           event_handlers.o
    0x08022308   0x00000018   Code   RO         1420    i.fan_on            event_handlers.o
    0x08022320   0x00000040   Code   RO         1421    i.fan_speed         event_handlers.o
    0x08022360   0x000000ec   Code   RO          941    i.flash_test        flash.o
    0x0802244c   0x00000024   Code   RO         1272    i.fputc             retarget.o
    0x08022470   0x0000003c   Code   RO            4    i.init              main.o
    0x080224ac   0x00000044   Code   RO          189    i.key_gpio_init     key_interrupt.o
    0x080224f0   0x000000fc   Code   RO          190    i.key_interrupt_init  key_interrupt.o
    0x080225ec   0x00000078   Code   RO          254    i.led_gpio_init     led.o
    0x08022664   0x00000054   Code   RO         1422    i.led_off           event_handlers.o
    0x080226b8   0x00000054   Code   RO         1423    i.led_on            event_handlers.o
    0x0802270c   0x000001a4   Code   RO            5    i.main              main.o
    0x080228b0   0x00000030   Code   RO          426    i.motor1_set_duty   motor.o
    0x080228e0   0x00000014   Code   RO          285    i.read_mq_2         mq_2.o
    0x080228f4   0x00000056   Code   RO         1638    i.rtc_alarm_init    rtc.o
    0x0802294a   0x0000003e   Code   RO         1639    i.rtc_alarm_set     rtc.o
    0x08022988   0x00000080   Code   RO         1648    i.rtc_init          rtc.o
    0x08022a08   0x0000006c   Code   RO         1649    i.rtc_print_current_date_time  rtc.o
    0x08022a74   0x00000026   Code   RO         1650    i.rtc_set_date      rtc.o
    0x08022a9a   0x00000026   Code   RO         1651    i.rtc_set_time      rtc.o
    0x08022ac0   0x00000014   Code   RO         1323    i.run_event_task    dfa_event_queue.o
    0x08022ad4   0x00000068   Code   RO          942    i.sector_program_by_bytes  flash.o
    0x08022b3c   0x00000006   Code   RO          944    i.sector_read_byte  flash.o
    0x08022b42   0x00000002   PAD
    0x08022b44   0x00000084   Code   RO         1424    i.set_alarm         event_handlers.o
    0x08022bc8   0x00000070   Code   RO         1425    i.set_date          event_handlers.o
    0x08022c38   0x00000070   Code   RO         1426    i.set_time          event_handlers.o
    0x08022ca8   0x00000060   Code   RO         1427    i.submit_alarm_hour  event_handlers.o
    0x08022d08   0x00000050   Code   RO         1428    i.submit_alarm_min  event_handlers.o
    0x08022d58   0x00000050   Code   RO         1429    i.submit_alarm_sec  event_handlers.o
    0x08022da8   0x00000040   Code   RO         1430    i.submit_date_day   event_handlers.o
    0x08022de8   0x00000040   Code   RO         1431    i.submit_date_month  event_handlers.o
    0x08022e28   0x00000040   Code   RO         1432    i.submit_date_week  event_handlers.o
    0x08022e68   0x00000040   Code   RO         1433    i.submit_date_year  event_handlers.o
    0x08022ea8   0x00000050   Code   RO         1434    i.submit_time_hour  event_handlers.o
    0x08022ef8   0x00000040   Code   RO         1435    i.submit_time_min   event_handlers.o
    0x08022f38   0x00000040   Code   RO         1436    i.submit_time_sec   event_handlers.o
    0x08022f78   0x0000000c   Code   RO         1180    i.systick_init      systick.o
    0x08022f84   0x0000010c   Code   RO          922    i.temperature_humidity_sensor_check  temperature_humidity_sensor.o
    0x08023090   0x0000000c   Code   RO          885    i.temperature_humidity_sensor_init  temperature_humidity_sensor.o
    0x0802309c   0x000000c8   Code   RO          886    i.temperature_humidity_sensor_measure  temperature_humidity_sensor.o
    0x08023164   0x0000002c   Code   RO          887    i.temperature_humidity_set_IO_mode  temperature_humidity_sensor.o
    0x08023190   0x0000002a   Code   RO         1324    i.trie_create_node  dfa_event_queue.o
    0x080231ba   0x00000002   PAD
    0x080231bc   0x00000260   Code   RO         1325    i.trie_init         dfa_event_queue.o
    0x0802341c   0x00000054   Code   RO         1326    i.trie_insert       dfa_event_queue.o
    0x08023470   0x000000b0   Code   RO          466    i.usart1_init       uart.o
    0x08023520   0x00000024   Code   RO          467    i.usart1_send_byte  uart.o
    0x08023544   0x00000018   Code   RO          468    i.usart1_send_string  uart.o
    0x0802355c   0x00000062   Code   RO         4101    x$fpl$d2f           fz_wm.l(d2f.o)
    0x080235be   0x00000002   PAD
    0x080235c0   0x000002b0   Code   RO         4110    x$fpl$ddiv          fz_wm.l(ddiv.o)
    0x08023870   0x0000002e   Code   RO         4118    x$fpl$dflt          fz_wm.l(dflt_clz.o)
    0x0802389e   0x0000009c   Code   RO         4215    x$fpl$dnaninf       fz_wm.l(dnaninf.o)
    0x0802393a   0x0000000c   Code   RO         4217    x$fpl$dretinf       fz_wm.l(dretinf.o)
    0x08023946   0x0000000a   Code   RO         4304    x$fpl$fpinit        fz_wm.l(fpinit.o)
    0x08023950   0x0000000a   Code   RO         4221    x$fpl$fretinf       fz_wm.l(fretinf.o)
    0x0802395a   0x00000000   Code   RO         4223    x$fpl$usenofp       fz_wm.l(usenofp.o)
    0x0802395a   0x00000028   Data   RO         4043    .constdata          c_w.l(_printf_hex_int.o)
    0x08023982   0x00000002   PAD
    0x08023984   0x00000057   Data   RO            6    .conststring        main.o
    0x080239db   0x00000001   PAD
    0x080239dc   0x0000007c   Data   RO         1328    .conststring        dfa_event_queue.o
    0x08023a58   0x00000020   Data   RO         4388    Region$$Table       anon$$obj.o


    Execution Region ER_RW (Base: 0x20000000, Size: 0x000000e0, Max: 0xffffffff, ABSOLUTE)

    Base Addr    Size         Type   Attr      Idx    E Section Name        Object

    0x20000000   0x00000004   Data   RW          191    .data               key_interrupt.o
    0x20000004   0x00000004   Data   RW          255    .data               led.o
    0x20000008   0x00000011   Data   RW          589    .data               co2_sensor.o
    0x20000019   0x00000003   PAD
    0x2000001c   0x0000000d   Data   RW          677    .data               esp8266.o
    0x20000029   0x00000003   Data   RW          888    .data               temperature_humidity_sensor.o
    0x2000002c   0x0000000c   Data   RW          946    .data               flash.o
    0x20000038   0x00000008   Data   RW         1273    .data               retarget.o
    0x20000040   0x00000075   Data   RW         1329    .data               dfa_event_queue.o
    0x200000b5   0x00000003   PAD
    0x200000b8   0x00000018   Data   RW         1652    .data               rtc.o
    0x200000d0   0x00000010   Data   RW         2456    .data               stm32f4xx_rcc.o


    Execution Region ER_ZI (Base: 0x200000e0, Size: 0x000108c8, Max: 0xffffffff, ABSOLUTE)

    Base Addr    Size         Type   Attr      Idx    E Section Name        Object

    0x200000e0   0x00000464   Zero   RW          676    .bss                esp8266.o
    0x20000544   0x00000060   Zero   RW         4227    .bss                c_w.l(libspace.o)
    0x200005a4   0x00000004   PAD
    0x200005a8   0x00010000   Zero   RW         3910    HEAP                startup_stm32f40_41xxx.o
    0x200105a8   0x00000400   Zero   RW         3909    STACK               startup_stm32f40_41xxx.o


==============================================================================

Image component sizes


      Code (inc. data)   RO Data    RW Data    ZI Data      Debug   Object Name

        52          6          0          0          0        513   beep.o
         0          0          0         17          0       1236   co2_sensor.o
      1776        612        124        117          0       9251   dfa_event_queue.o
       104         20          0         13       1124       1669   esp8266.o
      1864        782          0          0          0      14745   event_handlers.o
       388        140          0         12          0       4272   flash.o
       588        104          0          4          0       4161   key_interrupt.o
       120         10          0          4          0        862   led.o
       480        212         87          0          0     327330   main.o
       180         24          0          0          0       2513   misc.o
        48         10          0          0          0        562   motor.o
        20          6          0          0          0        484   mq_2.o
        72          8          0          8          0       3301   retarget.o
        48          4          0          0          0        544   rs485.o
       530         58          0         24          0       4967   rtc.o
        64         26        392          0      66560        864   startup_stm32f40_41xxx.o
       184         16          0          0          0       2512   stm32f4xx_exti.o
       398         40          0          0          0       5245   stm32f4xx_flash.o
       240          0          0          0          0       4103   stm32f4xx_gpio.o
        12          6          0          0          0        622   stm32f4xx_pwr.o
       508         60          0         16          0       7826   stm32f4xx_rcc.o
      1490         94          0          0          0      13463   stm32f4xx_rtc.o
        64          4          0          0          0        744   stm32f4xx_syscfg.o
        44          0          0          0          0       2804   stm32f4xx_tim.o
       468          8          0          0          0       6947   stm32f4xx_usart.o
       340         32          0          0          0       1649   system_stm32f4xx.o
        12          0          0          0          0        463   systick.o
       600         32          0          3          0       5210   temperature_humidity_sensor.o
       224         38          0          0          0       1994   timer.o
       284         18          0          0          0       2350   uart.o

    ----------------------------------------------------------------------
     11218       2370        636        224      67684     433206   Object Totals
         0          0         32          0          0          0   (incl. Generated)
        16          0          1          6          0          0   (incl. Padding)

    ----------------------------------------------------------------------

      Code (inc. data)   RO Data    RW Data    ZI Data      Debug   Library Member Name

         8          0          0          0          0         68   __main.o
       352          0          0          0          0         88   __printf_ss_wp.o
        14          0          0          0          0         68   __printf_wp.o
         0          0          0          0          0          0   __rtentry.o
        12          0          0          0          0          0   __rtentry2.o
         6          0          0          0          0          0   __rtentry4.o
        52          8          0          0          0          0   __scatter.o
        26          0          0          0          0          0   __scatter_copy.o
        28          0          0          0          0          0   __scatter_zi.o
         6          0          0          0          0          0   _printf_c.o
        44          0          0          0          0        108   _printf_char.o
        48          6          0          0          0         96   _printf_char_common.o
        36          4          0          0          0         80   _printf_char_file.o
         6          0          0          0          0          0   _printf_d.o
       120         16          0          0          0         92   _printf_dec.o
        88          4         40          0          0         88   _printf_hex_int.o
       178          0          0          0          0         88   _printf_intcommon.o
         0          0          0          0          0          0   _printf_percent.o
         4          0          0          0          0          0   _printf_percent_end.o
        82          0          0          0          0         80   _printf_str.o
        36          0          0          0          0         84   _printf_truncate.o
         6          0          0          0          0          0   _printf_x.o
        10          0          0          0          0         68   defsig_exit.o
        50          0          0          0          0         88   defsig_general.o
        80         58          0          0          0         76   defsig_rtmem_inner.o
        14          0          0          0          0         80   defsig_rtmem_outer.o
        12          0          0          0          0         72   exit.o
         8          0          0          0          0         68   ferror.o
        94          0          0          0          0         80   h1_alloc.o
        52          0          0          0          0         68   h1_extend.o
        78          0          0          0          0         80   h1_free.o
        14          0          0          0          0         84   h1_init.o
         6          0          0          0          0        152   heapauxi.o
         4          0          0          0          0        136   hguard.o
       138          0          0          0          0        168   init_alloc.o
         2          0          0          0          0          0   libinit.o
        14          0          0          0          0          0   libinit2.o
         2          0          0          0          0          0   libshutdown.o
         2          0          0          0          0          0   libshutdown2.o
         8          4          0          0         96         68   libspace.o
         0          0          0          0          0          0   maybetermalloc1.o
        24          4          0          0          0         84   noretval__2printf.o
         8          4          0          0          0         68   rt_heap_descriptor_intlibspace.o
        78          0          0          0          0         80   rt_memclr_w.o
       100          0          0          0          0         80   rt_memcpy_w.o
         2          0          0          0          0          0   rtexit.o
        10          0          0          0          0          0   rtexit2.o
        74          0          0          0          0         80   sys_stackheap_outer.o
         2          0          0          0          0         68   use_no_semi.o
        98          4          0          0          0        140   d2f.o
       688        140          0          0          0        256   ddiv.o
        46          0          0          0          0        116   dflt_clz.o
       156          4          0          0          0        140   dnaninf.o
        12          0          0          0          0        116   dretinf.o
        10          0          0          0          0        116   fpinit.o
        10          0          0          0          0        116   fretinf.o
         0          0          0          0          0          0   usenofp.o

    ----------------------------------------------------------------------
      3072        256         42          0        100       3688   Library Totals
        14          0          2          0          4          0   (incl. Padding)

    ----------------------------------------------------------------------

      Code (inc. data)   RO Data    RW Data    ZI Data      Debug   Library Name

      2038        108         40          0         96       2688   c_w.l
      1020        148          0          0          0       1000   fz_wm.l

    ----------------------------------------------------------------------
      3072        256         42          0        100       3688   Library Totals

    ----------------------------------------------------------------------

==============================================================================


      Code (inc. data)   RO Data    RW Data    ZI Data      Debug   

     14290       2626        678        224      67784     421438   Grand Totals
     14290       2626        678        224      67784     421438   ELF Image Totals
     14290       2626        678        224          0          0   ROM Totals

==============================================================================

    Total RO  Size (Code + RO Data)                14968 (  14.62kB)
    Total RW  Size (RW Data + ZI Data)             68008 (  66.41kB)
    Total ROM Size (Code + RO Data + RW Data)      15192 (  14.84kB)

==============================================================================

